******************************************************************************
                  TI ARM Linker PC v5.2.6                      
******************************************************************************
>> Linked Tue Jan 05 14:53:33 2016

OUTPUT FILE NAME:   <blinky.out>
ENTRY POINT SYMBOL: "_c_int00"  address: 20004f69


MEMORY CONFIGURATION

         name            origin    length      used     unused   attr    fill
----------------------  --------  ---------  --------  --------  ----  --------
  SRAM_CODE             20004000   00019000  00001512  00017aee  RW X
  SRAM_DATA             2001d000   00023000  0000083b  000227c5  RW X


SEGMENT ALLOCATION MAP

run origin  load origin   length   init length attrs members
----------  ----------- ---------- ----------- ----- -------
20004000    20004000    00001518   00001518    r-x
  20004000    20004000    00000400   00000400    r-- .intvecs
  20004400    20004400    00000dc6   00000dc6    r-x .text
  200051c8    200051c8    000002fc   000002fc    r-- .const
  200054c8    200054c8    00000050   00000050    r-- .cinit
2001d000    2001d000    0000003b   00000000    rw-
  2001d000    2001d000    00000038   00000000    rw- .data
  2001d038    2001d038    00000003   00000000    rw- .bss
2003f800    2003f800    00000800   00000000    rw-
  2003f800    2003f800    00000800   00000000    rw- .stack


SECTION ALLOCATION MAP

 output                                  attributes/
section   page    origin      length       input sections
--------  ----  ----------  ----------   ----------------
.intvecs   0    20004000    00000400     
                  20004000    00000400     startup_ccs.obj (.intvecs)

.init_array 
*          0    20004000    00000000     UNINITIALIZED

.text      0    20004400    00000dc6     
                  20004400    0000039c     gpio_if.obj (.text)
                  2000479c    00000134     driverlib.a : prcm.obj (.text:PRCMCC3200MCUInit)
                  200048d0    000000ac     main.obj (.text)
                  2000497c    000000a8     driverlib.a : interrupt.obj (.text:IntEnable)
                  20004a24    0000009c     rtsv7M4_T_le_eabi.lib : memcpy_t2.obj (.text)
                  20004ac0    00000088     driverlib.a : pin.obj (.text:PinConfigSet)
                  20004b48    00000082                 : gpio.obj (.text:GPIOIntTypeSet)
                  20004bca    0000007a     rtsv7M4_T_le_eabi.lib : memset_t2.obj (.text)
                  20004c44    0000006c                           : autoinit.obj (.text)
                  20004cb0    0000006a                           : copy_decompress_rle.obj (.text)
                  20004d1a    00000002     --HOLE-- [fill = 0]
                  20004d1c    00000058     driverlib.a : prcm.obj (.text:PRCMPeripheralReset)
                  20004d74    00000054                 : interrupt.obj (.text:IntPrioritySet)
                  20004dc8    0000004c     pinmux.obj (.text)
                  20004e14    0000004c     rtsv7M4_T_le_eabi.lib : cpy_tbl.obj (.text)
                  20004e60    00000048     driverlib.a : gpio.obj (.text:GPIOGetIntNumber)
                  20004ea8    00000044     rtsv7M4_T_le_eabi.lib : exit.obj (.text)
                  20004eec    00000040     driverlib.a : pin.obj (.text:PinModeSet)
                  20004f2c    0000003c                 : prcm.obj (.text:PRCMPeripheralClkEnable)
                  20004f68    0000003c     rtsv7M4_T_le_eabi.lib : boot.obj (.text)
                  20004fa4    00000036     driverlib.a : gpio.obj (.text:GPIODirModeSet)
                  20004fda    00000030                 : pin.obj (.text:PinTypeGPIO)
                  2000500a    00000002     --HOLE-- [fill = 0]
                  2000500c    0000002c                 : prcm.obj (.text:PRCMSysResetCauseGet)
                  20005038    00000028                 : prcm.obj (.text:PRCMPeripheralClkDisable)
                  20005060    00000020                 : gpio.obj (.text:GPIOPinWrite)
                  20005080    00000020                 : interrupt.obj (.text:IntRegister)
                  200050a0    0000001e                 : gpio.obj (.text:GPIOIntRegister)
                  200050be    0000001a                 : gpio.obj (.text:GPIOIntEnable)
                  200050d8    00000018                 : gpio.obj (.text:GPIOPinRead)
                  200050f0    00000018     rtsv7M4_T_le_eabi.lib : args_main.obj (.text)
                  20005108    00000016     driverlib.a : prcm.obj (.text:PRCMHIBRegRead)
                  2000511e    00000016                 : prcm.obj (.text:PRCMHIBRegWrite)
                  20005134    00000014                 : cpu.obj (.text:CPUcpsie)
                  20005148    00000014                 : gpio.obj (.text:GPIOIntClear)
                  2000515c    00000014                 : interrupt.obj (.text:IntVTableBaseSet)
                  20005170    00000014     rtsv7M4_T_le_eabi.lib : _lock.obj (.text)
                  20005184    0000000e                           : copy_decompress_none.obj (.text:decompress:none)
                  20005192    0000000e     startup_ccs.obj (.text)
                  200051a0    0000000c     rtsv7M4_T_le_eabi.lib : copy_zero_init.obj (.text:decompress:ZI)
                  200051ac    0000000a     driverlib.a : interrupt.obj (.text:IntMasterEnable)
                  200051b6    00000006                 : utils.obj (.text:UtilsDelay)
                  200051bc    00000006     rtsv7M4_T_le_eabi.lib : copy_decompress_rle.obj (.text:decompress:rle24)
                  200051c2    00000004                           : pre_init.obj (.text)

.const     0    200051c8    000002fc     
                  200051c8    00000100     driverlib.a : pin.obj (.const:g_ulPinToPadMap)
                  200052c8    000000d4                 : interrupt.obj (.const:g_pulRegs)
                  2000539c    000000a8                 : prcm.obj (.const:PRCM_PeriphRegsList)
                  20005444    00000080                 : interrupt.obj (.const)

.cinit     0    200054c8    00000050     
                  200054c8    00000028     (.cinit..data.load) [load image, compression = rle]
                  200054f0    0000000c     (__TI_handler_table)
                  200054fc    00000004     --HOLE-- [fill = 0]
                  20005500    00000008     (.cinit..bss.load) [load image, compression = zero_init]
                  20005508    00000010     (__TI_cinit_table)

.data      0    2001d000    00000038     UNINITIALIZED
                  2001d000    00000020     gpio_if.obj (.data)
                  2001d020    00000008     rtsv7M4_T_le_eabi.lib : _lock.obj (.data)
                  2001d028    00000008                           : exit.obj (.data)
                  2001d030    00000004     main.obj (.data)
                  2001d034    00000004     rtsv7M4_T_le_eabi.lib : stkdepth_vars.obj (.data)

.bss       0    2001d038    00000003     UNINITIALIZED
                  2001d038    00000001     (.common:g_ucLED1Pin)
                  2001d039    00000001     (.common:g_ucLED2Pin)
                  2001d03a    00000001     (.common:g_ucLED3Pin)

.TI.persistent 
*          0    2001d000    00000000     UNINITIALIZED

.TI.noinit 
*          0    2001d038    00000000     UNINITIALIZED

.stack     0    2003f800    00000800     UNINITIALIZED
                  2003f800    00000800     --HOLE--


LINKER GENERATED COPY TABLES

__TI_cinit_table @ 20005508 records: 2, size/record: 8, table size: 16
	.data: load addr=200054c8, load size=00000028 bytes, run addr=2001d000, run size=00000038 bytes, compression=rle
	.bss: load addr=20005500, load size=00000008 bytes, run addr=2001d038, run size=00000003 bytes, compression=zero_init


LINKER GENERATED HANDLER TABLE

__TI_handler_table @ 200054f0 records: 3, size/record: 4, table size: 12
	index: 0, handler: __TI_decompress_rle24
	index: 1, handler: __TI_decompress_none
	index: 2, handler: __TI_zero_init


GLOBAL SYMBOLS: SORTED ALPHABETICALLY BY Name 

address   name                       
-------   ----                       
20004ea9  C$$EXIT                    
20005135  CPUcpsie                   
20004fa5  GPIODirModeSet             
20005149  GPIOIntClear               
200050bf  GPIOIntEnable              
200050a1  GPIOIntRegister            
20004b49  GPIOIntTypeSet             
200050d9  GPIOPinRead                
20005061  GPIOPinWrite               
200046c1  GPIO_IF_ConfigureNIntEnable
2000474d  GPIO_IF_Get                
2000467b  GPIO_IF_GetPortNPin        
2000443d  GPIO_IF_LedConfigure       
2000452f  GPIO_IF_LedOff             
2000447b  GPIO_IF_LedOn              
200045e3  GPIO_IF_LedStatus          
2000464d  GPIO_IF_LedToggle          
20004709  GPIO_IF_Set                
2000497d  IntEnable                  
200051ad  IntMasterEnable            
20004d75  IntPrioritySet             
20005081  IntRegister                
2000515d  IntVTableBaseSet           
200048d1  LEDBlinkyRoutine           
2000479d  PRCMCC3200MCUInit          
20005109  PRCMHIBRegRead             
2000511f  PRCMHIBRegWrite            
20005039  PRCMPeripheralClkDisable   
20004f2d  PRCMPeripheralClkEnable    
20004d1d  PRCMPeripheralReset        
2000500d  PRCMSysResetCauseGet       
20004ac1  PinConfigSet               
20004eed  PinModeSet                 
20004dc9  PinMuxConfig               
20004fdb  PinTypeGPIO                
20005193  ResetISR                   
UNDEFED   SHT$$INIT_ARRAY$$Base      
UNDEFED   SHT$$INIT_ARRAY$$Limit     
200051b7  UtilsDelay                 
20040000  __STACK_END                
00000800  __STACK_SIZE               
20005508  __TI_CINIT_Base            
20005518  __TI_CINIT_Limit           
200054f0  __TI_Handler_Table_Base    
200054fc  __TI_Handler_Table_Limit   
20004c45  __TI_auto_init             
2001d028  __TI_cleanup_ptr           
20005185  __TI_decompress_none       
200051bd  __TI_decompress_rle24      
2001d02c  __TI_dtors_ptr             
200054c8  __TI_static_base__         
200051a1  __TI_zero_init             
20004bcb  __aeabi_memclr             
20004bcb  __aeabi_memclr4            
20004bcb  __aeabi_memclr8            
20004a25  __aeabi_memcpy             
20004a25  __aeabi_memcpy4            
20004a25  __aeabi_memcpy8            
20004bcd  __aeabi_memset             
20004bcd  __aeabi_memset4            
20004bcd  __aeabi_memset8            
ffffffff  __binit__                  
ffffffff  __c_args__                 
2003f800  __stack                    
200050f1  _args_main                 
20004f69  _c_int00                   
2001d020  _lock                      
2000517f  _nop                       
20005177  _register_lock             
20005171  _register_unlock           
200051c3  _system_pre_init           
2001d024  _unlock                    
20004ead  abort                      
ffffffff  binit                      
20004e15  copy_in                    
20004eb5  exit                       
2001d030  g_bCount                   
20004000  g_pfnVectors               
2001d038  g_ucLED1Pin                
2001d039  g_ucLED2Pin                
2001d03a  g_ucLED3Pin                
2001d014  g_uiLED1Port               
2001d018  g_uiLED2Port               
2001d01c  g_uiLED3Port               
20004953  main                       
2001d034  main_func_sp               
20004a25  memcpy                     
20004bd3  memset                     


GLOBAL SYMBOLS: SORTED BY Symbol Address 

address   name                       
-------   ----                       
00000800  __STACK_SIZE               
20004000  g_pfnVectors               
2000443d  GPIO_IF_LedConfigure       
2000447b  GPIO_IF_LedOn              
2000452f  GPIO_IF_LedOff             
200045e3  GPIO_IF_LedStatus          
2000464d  GPIO_IF_LedToggle          
2000467b  GPIO_IF_GetPortNPin        
200046c1  GPIO_IF_ConfigureNIntEnable
20004709  GPIO_IF_Set                
2000474d  GPIO_IF_Get                
2000479d  PRCMCC3200MCUInit          
200048d1  LEDBlinkyRoutine           
20004953  main                       
2000497d  IntEnable                  
20004a25  __aeabi_memcpy             
20004a25  __aeabi_memcpy4            
20004a25  __aeabi_memcpy8            
20004a25  memcpy                     
20004ac1  PinConfigSet               
20004b49  GPIOIntTypeSet             
20004bcb  __aeabi_memclr             
20004bcb  __aeabi_memclr4            
20004bcb  __aeabi_memclr8            
20004bcd  __aeabi_memset             
20004bcd  __aeabi_memset4            
20004bcd  __aeabi_memset8            
20004bd3  memset                     
20004c45  __TI_auto_init             
20004d1d  PRCMPeripheralReset        
20004d75  IntPrioritySet             
20004dc9  PinMuxConfig               
20004e15  copy_in                    
20004ea9  C$$EXIT                    
20004ead  abort                      
20004eb5  exit                       
20004eed  PinModeSet                 
20004f2d  PRCMPeripheralClkEnable    
20004f69  _c_int00                   
20004fa5  GPIODirModeSet             
20004fdb  PinTypeGPIO                
2000500d  PRCMSysResetCauseGet       
20005039  PRCMPeripheralClkDisable   
20005061  GPIOPinWrite               
20005081  IntRegister                
200050a1  GPIOIntRegister            
200050bf  GPIOIntEnable              
200050d9  GPIOPinRead                
200050f1  _args_main                 
20005109  PRCMHIBRegRead             
2000511f  PRCMHIBRegWrite            
20005135  CPUcpsie                   
20005149  GPIOIntClear               
2000515d  IntVTableBaseSet           
20005171  _register_unlock           
20005177  _register_lock             
2000517f  _nop                       
20005185  __TI_decompress_none       
20005193  ResetISR                   
200051a1  __TI_zero_init             
200051ad  IntMasterEnable            
200051b7  UtilsDelay                 
200051bd  __TI_decompress_rle24      
200051c3  _system_pre_init           
200054c8  __TI_static_base__         
200054f0  __TI_Handler_Table_Base    
200054fc  __TI_Handler_Table_Limit   
20005508  __TI_CINIT_Base            
20005518  __TI_CINIT_Limit           
2001d014  g_uiLED1Port               
2001d018  g_uiLED2Port               
2001d01c  g_uiLED3Port               
2001d020  _lock                      
2001d024  _unlock                    
2001d028  __TI_cleanup_ptr           
2001d02c  __TI_dtors_ptr             
2001d030  g_bCount                   
2001d034  main_func_sp               
2001d038  g_ucLED1Pin                
2001d039  g_ucLED2Pin                
2001d03a  g_ucLED3Pin                
2003f800  __stack                    
20040000  __STACK_END                
ffffffff  __binit__                  
ffffffff  __c_args__                 
ffffffff  binit                      
UNDEFED   SHT$$INIT_ARRAY$$Base      
UNDEFED   SHT$$INIT_ARRAY$$Limit     

[88 symbols]
