******************************************************************************
                  TI ARM Linker PC v5.2.6                      
******************************************************************************
>> Linked Tue Jan 05 15:54:37 2016

OUTPUT FILE NAME:   <Lab1.out>
ENTRY POINT SYMBOL: "_c_int00"  address: 20007d8d


MEMORY CONFIGURATION

         name            origin    length      used     unused   attr    fill
----------------------  --------  ---------  --------  --------  ----  --------
  SRAM_CODE             20004000   00019000  000046c2  0001493e  RW X
  SRAM_DATA             2001d000   00023000  0000151b  00021ae5  RW X


SEGMENT ALLOCATION MAP

run origin  load origin   length   init length attrs members
----------  ----------- ---------- ----------- ----- -------
20004000    20004000    000046c8   000046c8    r-x
  20004000    20004000    00000400   00000400    r-- .intvecs
  20004400    20004400    00003dda   00003dda    r-x .text
  200081dc    200081dc    00000400   00000400    r-- .const
  200085e0    200085e0    000000e8   000000e8    r-- .cinit
2001d000    2001d000    00000d1b   00000000    rw-
  2001d000    2001d000    00000800   00000000    rw- .sysmem
  2001d800    2001d800    00000350   00000000    rw- .data
  2001db50    2001db50    000001cb   00000000    rw- .bss
2003f800    2003f800    00000800   00000000    rw-
  2003f800    2003f800    00000800   00000000    rw- .stack


SECTION ALLOCATION MAP

 output                                  attributes/
section   page    origin      length       input sections
--------  ----  ----------  ----------   ----------------
.intvecs   0    20004000    00000400     
                  20004000    00000400     startup_ccs.obj (.intvecs)

.init_array 
*          0    20004000    00000000     UNINITIALIZED

.text      0    20004400    00003dda     
                  20004400    000010a6     rtsv7M4_T_le_eabi.lib : _printfi.obj (.text)
                  200054a6    00000002     --HOLE-- [fill = 0]
                  200054a8    000003dc                           : memory.obj (.text)
                  20005884    0000039c     gpio_if.obj (.text)
                  20005c20    0000030c     rtsv7M4_T_le_eabi.lib : lowlev.obj (.text)
                  20005f2c    000002d4                           : trgdrv.obj (.text)
                  20006200    000001f4                           : ull_div_t2.obj (.text)
                  200063f4    000001c4                           : fopen.obj (.text)
                  200065b8    000001b6                           : fd_add_t2.obj (.text)
                  2000676e    00000002     --HOLE-- [fill = 0]
                  20006770    000001b4     main.obj (.text)
                  20006924    00000136     rtsv7M4_T_le_eabi.lib : fd_div_t2.obj (.text)
                  20006a5a    00000002     --HOLE-- [fill = 0]
                  20006a5c    00000134     driverlib.a : prcm.obj (.text:PRCMCC3200MCUInit)
                  20006b90    00000134     rtsv7M4_T_le_eabi.lib : fputs.obj (.text)
                  20006cc4    00000110                           : xdscale.obj (.text)
                  20006dd4    000000fc                           : fd_mul_t2.obj (.text)
                  20006ed0    000000dc                           : setvbuf.obj (.text)
                  20006fac    000000c8                           : fflush.obj (.text)
                  20007074    000000be                           : xdnorm.obj (.text)
                  20007132    00000002     --HOLE-- [fill = 0]
                  20007134    000000b8     pin_mux_config.obj (.text)
                  200071ec    000000ac     rtsv7M4_T_le_eabi.lib : _io_perm.obj (.text)
                  20007298    000000a8     driverlib.a : interrupt.obj (.text:IntEnable)
                  20007340    0000009c     rtsv7M4_T_le_eabi.lib : memcpy_t2.obj (.text)
                  200073dc    00000098                           : fclose.obj (.text)
                  20007474    00000098                           : fputc.obj (.text)
                  2000750c    00000088     driverlib.a : pin.obj (.text:PinConfigSet)
                  20007594    00000086     rtsv7M4_T_le_eabi.lib : fd_cmp_t2.obj (.text:__aeabi_cdcmple)
                  2000761a    00000086                           : fd_cmp_t2.obj (.text:__aeabi_cdrcmple)
                  200076a0    00000082     driverlib.a : gpio.obj (.text:GPIOIntTypeSet)
                  20007722    0000007a     rtsv7M4_T_le_eabi.lib : memset_t2.obj (.text)
                  2000779c    00000070                           : printf.obj (.text)
                  2000780c    0000006c                           : autoinit.obj (.text)
                  20007878    0000006a                           : copy_decompress_rle.obj (.text)
                  200078e2    00000002     --HOLE-- [fill = 0]
                  200078e4    00000068                           : trgmsg.obj (.text)
                  2000794c    00000066                           : xdunscal.obj (.text)
                  200079b2    00000002     --HOLE-- [fill = 0]
                  200079b4    00000064                           : fseek.obj (.text)
                  20007a18    00000058     driverlib.a : prcm.obj (.text:PRCMPeripheralReset)
                  20007a70    00000056     rtsv7M4_T_le_eabi.lib : ltoa.obj (.text)
                  20007ac6    00000002     --HOLE-- [fill = 0]
                  20007ac8    00000054     driverlib.a : interrupt.obj (.text:IntPrioritySet)
                  20007b1c    0000004c     rtsv7M4_T_le_eabi.lib : atoi.obj (.text)
                  20007b68    0000004c                           : cpy_tbl.obj (.text)
                  20007bb4    00000048     driverlib.a : gpio.obj (.text:GPIOGetIntNumber)
                  20007bfc    00000048     rtsv7M4_T_le_eabi.lib : fd_toi_t2.obj (.text)
                  20007c44    00000046                           : ldexp.obj (.text)
                  20007c8a    00000002     --HOLE-- [fill = 0]
                  20007c8c    00000044                           : exit.obj (.text)
                  20007cd0    00000040     driverlib.a : pin.obj (.text:PinModeSet)
                  20007d10    00000040     rtsv7M4_T_le_eabi.lib : signal.obj (.text)
                  20007d50    0000003c     driverlib.a : prcm.obj (.text:PRCMPeripheralClkEnable)
                  20007d8c    0000003c     rtsv7M4_T_le_eabi.lib : boot.obj (.text)
                  20007dc8    00000036     driverlib.a : gpio.obj (.text:GPIODirModeSet)
                  20007dfe    00000002     --HOLE-- [fill = 0]
                  20007e00    00000034     rtsv7M4_T_le_eabi.lib : feraiseexcept.obj (.text)
                  20007e34    00000030     driverlib.a : pin.obj (.text:PinTypeGPIO)
                  20007e64    00000030     rtsv7M4_T_le_eabi.lib : strncpy.obj (.text)
                  20007e94    00000030                           : xferaise.obj (.text)
                  20007ec4    0000002e                           : i_tofd_t2.obj (.text)
                  20007ef2    0000002e                           : raise.obj (.text)
                  20007f20    0000002c     driverlib.a : prcm.obj (.text:PRCMSysResetCauseGet)
                  20007f4c    0000002a     rtsv7M4_T_le_eabi.lib : xdclass.obj (.text)
                  20007f76    00000002     --HOLE-- [fill = 0]
                  20007f78    00000028     driverlib.a : prcm.obj (.text:PRCMPeripheralClkDisable)
                  20007fa0    00000022     rtsv7M4_T_le_eabi.lib : frexp.obj (.text)
                  20007fc2    00000020     driverlib.a : gpio.obj (.text:GPIOPinWrite)
                  20007fe2    00000002     --HOLE-- [fill = 0]
                  20007fe4    00000020                 : interrupt.obj (.text:IntRegister)
                  20008004    00000020     rtsv7M4_T_le_eabi.lib : memchr.obj (.text)
                  20008024    0000001e     driverlib.a : gpio.obj (.text:GPIOIntRegister)
                  20008042    0000001c     rtsv7M4_T_le_eabi.lib : memccpy.obj (.text)
                  2000805e    0000001a     driverlib.a : gpio.obj (.text:GPIOIntEnable)
                  20008078    0000001a                 : pin.obj (.text:PinTypeUART)
                  20008092    00000018                 : gpio.obj (.text:GPIOPinRead)
                  200080aa    00000002     --HOLE-- [fill = 0]
                  200080ac    00000018     rtsv7M4_T_le_eabi.lib : args_main.obj (.text)
                  200080c4    00000018                           : strcmp.obj (.text)
                  200080dc    00000016     driverlib.a : prcm.obj (.text:PRCMHIBRegRead)
                  200080f2    00000016                 : prcm.obj (.text:PRCMHIBRegWrite)
                  20008108    00000016     rtsv7M4_T_le_eabi.lib : strchr.obj (.text)
                  2000811e    00000014     driverlib.a : cpu.obj (.text:CPUcpsie)
                  20008132    00000014                 : gpio.obj (.text:GPIOIntClear)
                  20008146    00000002     --HOLE-- [fill = 0]
                  20008148    00000014                 : interrupt.obj (.text:IntVTableBaseSet)
                  2000815c    00000014     rtsv7M4_T_le_eabi.lib : _lock.obj (.text)
                  20008170    00000014                           : strcpy.obj (.text)
                  20008184    00000014                           : strlen.obj (.text)
                  20008198    0000000e                           : copy_decompress_none.obj (.text:decompress:none)
                  200081a6    0000000e     startup_ccs.obj (.text)
                  200081b4    0000000c     rtsv7M4_T_le_eabi.lib : copy_zero_init.obj (.text:decompress:ZI)
                  200081c0    0000000a     driverlib.a : interrupt.obj (.text:IntMasterEnable)
                  200081ca    00000006                 : utils.obj (.text:UtilsDelay)
                  200081d0    00000006     rtsv7M4_T_le_eabi.lib : copy_decompress_rle.obj (.text:decompress:rle24)
                  200081d6    00000004                           : pre_init.obj (.text)

.const     0    200081dc    00000400     
                  200081dc    00000101     rtsv7M4_T_le_eabi.lib : ctype.obj (.const:.string:_ctypes_)
                  200082dd    00000003     --HOLE-- [fill = 0]
                  200082e0    00000100     driverlib.a : pin.obj (.const:g_ulPinToPadMap)
                  200083e0    000000d4                 : interrupt.obj (.const:g_pulRegs)
                  200084b4    000000a8                 : prcm.obj (.const:PRCM_PeriphRegsList)
                  2000855c    00000080                 : interrupt.obj (.const)

.cinit     0    200085e0    000000e8     
                  200085e0    000000c2     (.cinit..data.load) [load image, compression = rle]
                  200086a2    00000002     --HOLE-- [fill = 0]
                  200086a4    0000000c     (__TI_handler_table)
                  200086b0    00000008     (.cinit..bss.load) [load image, compression = zero_init]
                  200086b8    00000010     (__TI_cinit_table)

.sysmem    0    2001d000    00000800     UNINITIALIZED
                  2001d000    00000008     rtsv7M4_T_le_eabi.lib : memory.obj (.sysmem)
                  2001d008    000007f8     --HOLE--

.data      0    2001d800    00000350     UNINITIALIZED
                  2001d800    000000f0     rtsv7M4_T_le_eabi.lib : defs.obj (.data:_ftable)
                  2001d8f0    000000d0                           : lowlev.obj (.data)
                  2001d9c0    000000b0                           : signal.obj (.data:sigtable)
                  2001da70    00000080                           : xvalues.obj (.data)
                  2001daf0    00000020     gpio_if.obj (.data)
                  2001db10    00000010     rtsv7M4_T_le_eabi.lib : defs.obj (.data)
                  2001db20    0000000c                           : memory.obj (.data)
                  2001db2c    00000008                           : _lock.obj (.data)
                  2001db34    00000008                           : exit.obj (.data)
                  2001db3c    00000008                           : feraiseexcept.obj (.data)
                  2001db44    00000004                           : errno.obj (.data)
                  2001db48    00000004                           : fopen.obj (.data)
                  2001db4c    00000004                           : stkdepth_vars.obj (.data)

.TI.persistent 
*          0    2001d800    00000000     UNINITIALIZED

.bss       0    2001db50    000001cb     UNINITIALIZED
                  2001db50    00000120     rtsv7M4_T_le_eabi.lib : trgmsg.obj (.bss:__CIOBUF_)
                  2001dc70    000000a0                           : defs.obj (.bss:__TI_tmpnams)
                  2001dd10    00000008     (.common:parmbuf)
                  2001dd18    00000001     (.common:g_ucLED1Pin)
                  2001dd19    00000001     (.common:g_ucLED2Pin)
                  2001dd1a    00000001     (.common:g_ucLED3Pin)

.TI.noinit 
*          0    2001db50    00000000     UNINITIALIZED

.stack     0    2003f800    00000800     UNINITIALIZED
                  2003f800    00000800     --HOLE--


LINKER GENERATED COPY TABLES

__TI_cinit_table @ 200086b8 records: 2, size/record: 8, table size: 16
	.data: load addr=200085e0, load size=000000c2 bytes, run addr=2001d800, run size=00000350 bytes, compression=rle
	.bss: load addr=200086b0, load size=00000008 bytes, run addr=2001db50, run size=000001cb bytes, compression=zero_init


LINKER GENERATED HANDLER TABLE

__TI_handler_table @ 200086a4 records: 3, size/record: 4, table size: 12
	index: 0, handler: __TI_decompress_rle24
	index: 1, handler: __TI_decompress_none
	index: 2, handler: __TI_zero_init


GLOBAL SYMBOLS: SORTED ALPHABETICALLY BY Name 

address   name                       
-------   ----                       
20007c8d  C$$EXIT                    
20007913  C$$IO$$                    
2000811f  CPUcpsie                   
20007dc9  GPIODirModeSet             
20008133  GPIOIntClear               
2000805f  GPIOIntEnable              
20008025  GPIOIntRegister            
200076a1  GPIOIntTypeSet             
20008093  GPIOPinRead                
20007fc3  GPIOPinWrite               
20005b45  GPIO_IF_ConfigureNIntEnable
20005bd1  GPIO_IF_Get                
20005aff  GPIO_IF_GetPortNPin        
200058c1  GPIO_IF_LedConfigure       
200059b3  GPIO_IF_LedOff             
200058ff  GPIO_IF_LedOn              
20005a67  GPIO_IF_LedStatus          
20005ad1  GPIO_IF_LedToggle          
20005b8d  GPIO_IF_Set                
200061b9  HOSTclock                  
20006181  HOSTclose                  
20006143  HOSTgetenv                 
200060e7  HOSTlseek                  
20006095  HOSTopen                   
20006049  HOSTread                   
20005feb  HOSTrename                 
20005fb1  HOSTtime                   
20005f79  HOSTunlink                 
20005f2d  HOSTwrite                  
20007299  IntEnable                  
200081c1  IntMasterEnable            
20007ac9  IntPrioritySet             
20007fe5  IntRegister                
20008149  IntVTableBaseSet           
20006771  LEDBlinkyRoutine           
20006a5d  PRCMCC3200MCUInit          
200080dd  PRCMHIBRegRead             
200080f3  PRCMHIBRegWrite            
20007f79  PRCMPeripheralClkDisable   
20007d51  PRCMPeripheralClkEnable    
20007a19  PRCMPeripheralReset        
20007f21  PRCMSysResetCauseGet       
2000750d  PinConfigSet               
20007cd1  PinModeSet                 
20007135  PinMuxConfig               
20007e35  PinTypeGPIO                
20008079  PinTypeUART                
200067c3  PrintRoutine               
200081a7  ResetISR                   
UNDEFED   SHT$$INIT_ARRAY$$Base      
UNDEFED   SHT$$INIT_ARRAY$$Limit     
200081cb  UtilsDelay                 
20007f4d  _Dclass                    
2001da70  _Denorm                    
20007075  _Dnorm                     
20006cc5  _Dscale                    
2000794d  _Dunscale                  
2001da80  _Eps                       
2001db44  _Errno                     
2001db3c  _Fenv                      
20007e95  _Feraise                   
2001da90  _Hugeval                   
2001daa0  _Inf                       
2001dab0  _Nan                       
2001dad0  _Rteps                     
2001dac0  _Snan                      
2001db40  _Tls_setup__Fenv           
2001dae0  _Xbig                      
2001dae8  _Zero                      
2001db50  __CIOBUF_                  
20040000  __STACK_END                
00000800  __STACK_SIZE               
00000800  __SYSMEM_SIZE              
200086b8  __TI_CINIT_Base            
200086c8  __TI_CINIT_Limit           
200086a4  __TI_Handler_Table_Base    
200086b0  __TI_Handler_Table_Limit   
2000780d  __TI_auto_init             
200064bd  __TI_cleanup               
2001db34  __TI_cleanup_ptr           
200073dd  __TI_closefile             
20008199  __TI_decompress_none       
200081d1  __TI_decompress_rle24      
20006fad  __TI_doflush               
2001db38  __TI_dtors_ptr             
2001db10  __TI_ft_end                
200051a1  __TI_printfi               
2000724f  __TI_rd_ok                 
20007917  __TI_readmsg               
200085e0  __TI_static_base__         
2001dc70  __TI_tmpnams               
200078e5  __TI_writemsg              
200071ed  __TI_wrt_ok                
200081b5  __TI_zero_init             
20007595  __aeabi_cdcmpeq            
20007595  __aeabi_cdcmple            
2000761b  __aeabi_cdrcmple           
20007bfd  __aeabi_d2iz               
200065c3  __aeabi_dadd               
20006925  __aeabi_ddiv               
20006dd5  __aeabi_dmul               
200065b9  __aeabi_dsub               
20007ec5  __aeabi_i2d                
20007723  __aeabi_memclr             
20007723  __aeabi_memclr4            
20007723  __aeabi_memclr8            
20007341  __aeabi_memcpy             
20007341  __aeabi_memcpy4            
20007341  __aeabi_memcpy8            
20007725  __aeabi_memset             
20007725  __aeabi_memset4            
20007725  __aeabi_memset8            
2001db1c  __aeabi_stderr             
2001db14  __aeabi_stdin              
2001db18  __aeabi_stdout             
20006201  __aeabi_uldivmod           
ffffffff  __binit__                  
ffffffff  __c_args__                 
2003f800  __stack                    
200080ad  _args_main                 
20007d8d  _c_int00                   
200081dc  _ctypes_                   
2001d800  _ftable                    
2001db2c  _lock                      
2000816b  _nop                       
20008163  _register_lock             
2000815d  _register_unlock           
2001d000  _sys_memory                
200081d7  _system_pre_init           
2001db30  _unlock                    
20007c91  abort                      
20005e81  add_device                 
20007b1d  atoi                       
ffffffff  binit                      
20005851  calloc                     
20005e31  close                      
20007b69  copy_in                    
20007c99  exit                       
20007443  fclose                     
20007e01  feraiseexcept              
20006ff9  fflush                     
20006513  fopen                      
20007475  fputc                      
20006b91  fputs                      
2000559f  free                       
200064e9  freopen                    
20007fa1  frexp                      
200079b5  fseek                      
20004000  g_pfnVectors               
2001dd18  g_ucLED1Pin                
2001dd19  g_ucLED2Pin                
2001dd1a  g_ucLED3Pin                
2001db04  g_uiLED1Port               
2001db08  g_uiLED2Port               
2001db0c  g_uiLED3Port               
20007c45  ldexp                      
20005e0d  lseek                      
20007a71  ltoa                       
2000681b  main                       
2001db4c  main_func_sp               
20005537  malloc                     
2000576d  memalign                   
20008043  memccpy                    
20008005  memchr                     
20007341  memcpy                     
2000772b  memset                     
200054a9  minit                      
20005d5f  open                       
200077a5  printf                     
20007475  putc                       
200074f9  putchar                    
20006c9d  puts                       
20007ef3  raise                      
20005d3b  read                       
20005661  realloc                    
20005cb1  remove                     
20005d13  remove_device              
20005cd5  rename                     
20006ed1  setvbuf                    
20007d11  signal                     
20008109  strchr                     
200080c5  strcmp                     
20008171  strcpy                     
20008185  strlen                     
20007e65  strncpy                    
20005cb1  unlink                     
20005c21  write                      


GLOBAL SYMBOLS: SORTED BY Symbol Address 

address   name                       
-------   ----                       
00000800  __STACK_SIZE               
00000800  __SYSMEM_SIZE              
20004000  g_pfnVectors               
200051a1  __TI_printfi               
200054a9  minit                      
20005537  malloc                     
2000559f  free                       
20005661  realloc                    
2000576d  memalign                   
20005851  calloc                     
200058c1  GPIO_IF_LedConfigure       
200058ff  GPIO_IF_LedOn              
200059b3  GPIO_IF_LedOff             
20005a67  GPIO_IF_LedStatus          
20005ad1  GPIO_IF_LedToggle          
20005aff  GPIO_IF_GetPortNPin        
20005b45  GPIO_IF_ConfigureNIntEnable
20005b8d  GPIO_IF_Set                
20005bd1  GPIO_IF_Get                
20005c21  write                      
20005cb1  remove                     
20005cb1  unlink                     
20005cd5  rename                     
20005d13  remove_device              
20005d3b  read                       
20005d5f  open                       
20005e0d  lseek                      
20005e31  close                      
20005e81  add_device                 
20005f2d  HOSTwrite                  
20005f79  HOSTunlink                 
20005fb1  HOSTtime                   
20005feb  HOSTrename                 
20006049  HOSTread                   
20006095  HOSTopen                   
200060e7  HOSTlseek                  
20006143  HOSTgetenv                 
20006181  HOSTclose                  
200061b9  HOSTclock                  
20006201  __aeabi_uldivmod           
200064bd  __TI_cleanup               
200064e9  freopen                    
20006513  fopen                      
200065b9  __aeabi_dsub               
200065c3  __aeabi_dadd               
20006771  LEDBlinkyRoutine           
200067c3  PrintRoutine               
2000681b  main                       
20006925  __aeabi_ddiv               
20006a5d  PRCMCC3200MCUInit          
20006b91  fputs                      
20006c9d  puts                       
20006cc5  _Dscale                    
20006dd5  __aeabi_dmul               
20006ed1  setvbuf                    
20006fad  __TI_doflush               
20006ff9  fflush                     
20007075  _Dnorm                     
20007135  PinMuxConfig               
200071ed  __TI_wrt_ok                
2000724f  __TI_rd_ok                 
20007299  IntEnable                  
20007341  __aeabi_memcpy             
20007341  __aeabi_memcpy4            
20007341  __aeabi_memcpy8            
20007341  memcpy                     
200073dd  __TI_closefile             
20007443  fclose                     
20007475  fputc                      
20007475  putc                       
200074f9  putchar                    
2000750d  PinConfigSet               
20007595  __aeabi_cdcmpeq            
20007595  __aeabi_cdcmple            
2000761b  __aeabi_cdrcmple           
200076a1  GPIOIntTypeSet             
20007723  __aeabi_memclr             
20007723  __aeabi_memclr4            
20007723  __aeabi_memclr8            
20007725  __aeabi_memset             
20007725  __aeabi_memset4            
20007725  __aeabi_memset8            
2000772b  memset                     
200077a5  printf                     
2000780d  __TI_auto_init             
200078e5  __TI_writemsg              
20007913  C$$IO$$                    
20007917  __TI_readmsg               
2000794d  _Dunscale                  
200079b5  fseek                      
20007a19  PRCMPeripheralReset        
20007a71  ltoa                       
20007ac9  IntPrioritySet             
20007b1d  atoi                       
20007b69  copy_in                    
20007bfd  __aeabi_d2iz               
20007c45  ldexp                      
20007c8d  C$$EXIT                    
20007c91  abort                      
20007c99  exit                       
20007cd1  PinModeSet                 
20007d11  signal                     
20007d51  PRCMPeripheralClkEnable    
20007d8d  _c_int00                   
20007dc9  GPIODirModeSet             
20007e01  feraiseexcept              
20007e35  PinTypeGPIO                
20007e65  strncpy                    
20007e95  _Feraise                   
20007ec5  __aeabi_i2d                
20007ef3  raise                      
20007f21  PRCMSysResetCauseGet       
20007f4d  _Dclass                    
20007f79  PRCMPeripheralClkDisable   
20007fa1  frexp                      
20007fc3  GPIOPinWrite               
20007fe5  IntRegister                
20008005  memchr                     
20008025  GPIOIntRegister            
20008043  memccpy                    
2000805f  GPIOIntEnable              
20008079  PinTypeUART                
20008093  GPIOPinRead                
200080ad  _args_main                 
200080c5  strcmp                     
200080dd  PRCMHIBRegRead             
200080f3  PRCMHIBRegWrite            
20008109  strchr                     
2000811f  CPUcpsie                   
20008133  GPIOIntClear               
20008149  IntVTableBaseSet           
2000815d  _register_unlock           
20008163  _register_lock             
2000816b  _nop                       
20008171  strcpy                     
20008185  strlen                     
20008199  __TI_decompress_none       
200081a7  ResetISR                   
200081b5  __TI_zero_init             
200081c1  IntMasterEnable            
200081cb  UtilsDelay                 
200081d1  __TI_decompress_rle24      
200081d7  _system_pre_init           
200081dc  _ctypes_                   
200085e0  __TI_static_base__         
200086a4  __TI_Handler_Table_Base    
200086b0  __TI_Handler_Table_Limit   
200086b8  __TI_CINIT_Base            
200086c8  __TI_CINIT_Limit           
2001d000  _sys_memory                
2001d800  _ftable                    
2001da70  _Denorm                    
2001da80  _Eps                       
2001da90  _Hugeval                   
2001daa0  _Inf                       
2001dab0  _Nan                       
2001dac0  _Snan                      
2001dad0  _Rteps                     
2001dae0  _Xbig                      
2001dae8  _Zero                      
2001db04  g_uiLED1Port               
2001db08  g_uiLED2Port               
2001db0c  g_uiLED3Port               
2001db10  __TI_ft_end                
2001db14  __aeabi_stdin              
2001db18  __aeabi_stdout             
2001db1c  __aeabi_stderr             
2001db2c  _lock                      
2001db30  _unlock                    
2001db34  __TI_cleanup_ptr           
2001db38  __TI_dtors_ptr             
2001db3c  _Fenv                      
2001db40  _Tls_setup__Fenv           
2001db44  _Errno                     
2001db4c  main_func_sp               
2001db50  __CIOBUF_                  
2001dc70  __TI_tmpnams               
2001dd18  g_ucLED1Pin                
2001dd19  g_ucLED2Pin                
2001dd1a  g_ucLED3Pin                
2003f800  __stack                    
20040000  __STACK_END                
ffffffff  __binit__                  
ffffffff  __c_args__                 
ffffffff  binit                      
UNDEFED   SHT$$INIT_ARRAY$$Base      
UNDEFED   SHT$$INIT_ARRAY$$Limit     

[187 symbols]
