<?xml version="1.0"?>
<link_info>
   <banner>TI ARM Linker PC v5.2.6</banner>
   <copyright>Copyright (c) 1996-2015 Texas Instruments Incorporated</copyright>
   <link_time>0x568c57bd</link_time>
   <link_errors>0x0</link_errors>
   <output_file>Lab1.out</output_file>
   <entry_point>
      <name>_c_int00</name>
      <address>0x20007d8d</address>
   </entry_point>
   <input_file_list>
      <input_file id="fl-2">
         <path>.\</path>
         <kind>object</kind>
         <file>gpio_if.obj</file>
         <name>gpio_if.obj</name>
      </input_file>
      <input_file id="fl-3">
         <path>.\</path>
         <kind>object</kind>
         <file>main.obj</file>
         <name>main.obj</name>
      </input_file>
      <input_file id="fl-4">
         <path>.\</path>
         <kind>object</kind>
         <file>pin_mux_config.obj</file>
         <name>pin_mux_config.obj</name>
      </input_file>
      <input_file id="fl-5">
         <path>.\</path>
         <kind>object</kind>
         <file>startup_ccs.obj</file>
         <name>startup_ccs.obj</name>
      </input_file>
      <input_file id="fl-12c">
         <path>C:\ti\ccsv6\tools\compiler\ti-cgt-arm_5.2.6\lib\</path>
         <kind>archive</kind>
         <file>rtsv7M4_T_le_eabi.lib</file>
         <name>boot.obj</name>
      </input_file>
      <input_file id="fl-12d">
         <path>C:\ti\ccsv6\tools\compiler\ti-cgt-arm_5.2.6\lib\</path>
         <kind>archive</kind>
         <file>rtsv7M4_T_le_eabi.lib</file>
         <name>copy_decompress_none.obj</name>
      </input_file>
      <input_file id="fl-12e">
         <path>C:\ti\ccsv6\tools\compiler\ti-cgt-arm_5.2.6\lib\</path>
         <kind>archive</kind>
         <file>rtsv7M4_T_le_eabi.lib</file>
         <name>copy_decompress_rle.obj</name>
      </input_file>
      <input_file id="fl-12f">
         <path>C:\ti\ccsv6\tools\compiler\ti-cgt-arm_5.2.6\lib\</path>
         <kind>archive</kind>
         <file>rtsv7M4_T_le_eabi.lib</file>
         <name>copy_zero_init.obj</name>
      </input_file>
      <input_file id="fl-130">
         <path>C:\ti\ccsv6\tools\compiler\ti-cgt-arm_5.2.6\lib\</path>
         <kind>archive</kind>
         <file>rtsv7M4_T_le_eabi.lib</file>
         <name>exit.obj</name>
      </input_file>
      <input_file id="fl-131">
         <path>C:\ti\ccsv6\tools\compiler\ti-cgt-arm_5.2.6\lib\</path>
         <kind>archive</kind>
         <file>rtsv7M4_T_le_eabi.lib</file>
         <name>memcpy_t2.obj</name>
      </input_file>
      <input_file id="fl-132">
         <path>C:\ti\ccsv6\tools\compiler\ti-cgt-arm_5.2.6\lib\</path>
         <kind>archive</kind>
         <file>rtsv7M4_T_le_eabi.lib</file>
         <name>memset_t2.obj</name>
      </input_file>
      <input_file id="fl-133">
         <path>C:\ti\ccsv6\tools\compiler\ti-cgt-arm_5.2.6\lib\</path>
         <kind>archive</kind>
         <file>rtsv7M4_T_le_eabi.lib</file>
         <name>pre_init.obj</name>
      </input_file>
      <input_file id="fl-134">
         <path>C:\ti\ccsv6\tools\compiler\ti-cgt-arm_5.2.6\lib\</path>
         <kind>archive</kind>
         <file>rtsv7M4_T_le_eabi.lib</file>
         <name>printf.obj</name>
      </input_file>
      <input_file id="fl-135">
         <path>C:\ti\ccsv6\tools\compiler\ti-cgt-arm_5.2.6\lib\</path>
         <kind>archive</kind>
         <file>rtsv7M4_T_le_eabi.lib</file>
         <name>stkdepth_vars.obj</name>
      </input_file>
      <input_file id="fl-136">
         <path>C:\ti\ccsv6\tools\compiler\ti-cgt-arm_5.2.6\lib\</path>
         <kind>archive</kind>
         <file>rtsv7M4_T_le_eabi.lib</file>
         <name>_lock.obj</name>
      </input_file>
      <input_file id="fl-137">
         <path>C:\ti\ccsv6\tools\compiler\ti-cgt-arm_5.2.6\lib\</path>
         <kind>archive</kind>
         <file>rtsv7M4_T_le_eabi.lib</file>
         <name>_printfi.obj</name>
      </input_file>
      <input_file id="fl-138">
         <path>C:\ti\ccsv6\tools\compiler\ti-cgt-arm_5.2.6\lib\</path>
         <kind>archive</kind>
         <file>rtsv7M4_T_le_eabi.lib</file>
         <name>args_main.obj</name>
      </input_file>
      <input_file id="fl-139">
         <path>C:\ti\ccsv6\tools\compiler\ti-cgt-arm_5.2.6\lib\</path>
         <kind>archive</kind>
         <file>rtsv7M4_T_le_eabi.lib</file>
         <name>atoi.obj</name>
      </input_file>
      <input_file id="fl-13a">
         <path>C:\ti\ccsv6\tools\compiler\ti-cgt-arm_5.2.6\lib\</path>
         <kind>archive</kind>
         <file>rtsv7M4_T_le_eabi.lib</file>
         <name>autoinit.obj</name>
      </input_file>
      <input_file id="fl-13b">
         <path>C:\ti\ccsv6\tools\compiler\ti-cgt-arm_5.2.6\lib\</path>
         <kind>archive</kind>
         <file>rtsv7M4_T_le_eabi.lib</file>
         <name>cpy_tbl.obj</name>
      </input_file>
      <input_file id="fl-13c">
         <path>C:\ti\ccsv6\tools\compiler\ti-cgt-arm_5.2.6\lib\</path>
         <kind>archive</kind>
         <file>rtsv7M4_T_le_eabi.lib</file>
         <name>ctype.obj</name>
      </input_file>
      <input_file id="fl-13d">
         <path>C:\ti\ccsv6\tools\compiler\ti-cgt-arm_5.2.6\lib\</path>
         <kind>archive</kind>
         <file>rtsv7M4_T_le_eabi.lib</file>
         <name>defs.obj</name>
      </input_file>
      <input_file id="fl-13e">
         <path>C:\ti\ccsv6\tools\compiler\ti-cgt-arm_5.2.6\lib\</path>
         <kind>archive</kind>
         <file>rtsv7M4_T_le_eabi.lib</file>
         <name>fd_add_t2.obj</name>
      </input_file>
      <input_file id="fl-13f">
         <path>C:\ti\ccsv6\tools\compiler\ti-cgt-arm_5.2.6\lib\</path>
         <kind>archive</kind>
         <file>rtsv7M4_T_le_eabi.lib</file>
         <name>fd_cmp_t2.obj</name>
      </input_file>
      <input_file id="fl-140">
         <path>C:\ti\ccsv6\tools\compiler\ti-cgt-arm_5.2.6\lib\</path>
         <kind>archive</kind>
         <file>rtsv7M4_T_le_eabi.lib</file>
         <name>fd_div_t2.obj</name>
      </input_file>
      <input_file id="fl-141">
         <path>C:\ti\ccsv6\tools\compiler\ti-cgt-arm_5.2.6\lib\</path>
         <kind>archive</kind>
         <file>rtsv7M4_T_le_eabi.lib</file>
         <name>fd_mul_t2.obj</name>
      </input_file>
      <input_file id="fl-142">
         <path>C:\ti\ccsv6\tools\compiler\ti-cgt-arm_5.2.6\lib\</path>
         <kind>archive</kind>
         <file>rtsv7M4_T_le_eabi.lib</file>
         <name>fd_toi_t2.obj</name>
      </input_file>
      <input_file id="fl-143">
         <path>C:\ti\ccsv6\tools\compiler\ti-cgt-arm_5.2.6\lib\</path>
         <kind>archive</kind>
         <file>rtsv7M4_T_le_eabi.lib</file>
         <name>fputc.obj</name>
      </input_file>
      <input_file id="fl-144">
         <path>C:\ti\ccsv6\tools\compiler\ti-cgt-arm_5.2.6\lib\</path>
         <kind>archive</kind>
         <file>rtsv7M4_T_le_eabi.lib</file>
         <name>fputs.obj</name>
      </input_file>
      <input_file id="fl-145">
         <path>C:\ti\ccsv6\tools\compiler\ti-cgt-arm_5.2.6\lib\</path>
         <kind>archive</kind>
         <file>rtsv7M4_T_le_eabi.lib</file>
         <name>frexp.obj</name>
      </input_file>
      <input_file id="fl-146">
         <path>C:\ti\ccsv6\tools\compiler\ti-cgt-arm_5.2.6\lib\</path>
         <kind>archive</kind>
         <file>rtsv7M4_T_le_eabi.lib</file>
         <name>i_tofd_t2.obj</name>
      </input_file>
      <input_file id="fl-147">
         <path>C:\ti\ccsv6\tools\compiler\ti-cgt-arm_5.2.6\lib\</path>
         <kind>archive</kind>
         <file>rtsv7M4_T_le_eabi.lib</file>
         <name>ldexp.obj</name>
      </input_file>
      <input_file id="fl-148">
         <path>C:\ti\ccsv6\tools\compiler\ti-cgt-arm_5.2.6\lib\</path>
         <kind>archive</kind>
         <file>rtsv7M4_T_le_eabi.lib</file>
         <name>lowlev.obj</name>
      </input_file>
      <input_file id="fl-149">
         <path>C:\ti\ccsv6\tools\compiler\ti-cgt-arm_5.2.6\lib\</path>
         <kind>archive</kind>
         <file>rtsv7M4_T_le_eabi.lib</file>
         <name>ltoa.obj</name>
      </input_file>
      <input_file id="fl-14a">
         <path>C:\ti\ccsv6\tools\compiler\ti-cgt-arm_5.2.6\lib\</path>
         <kind>archive</kind>
         <file>rtsv7M4_T_le_eabi.lib</file>
         <name>memccpy.obj</name>
      </input_file>
      <input_file id="fl-14b">
         <path>C:\ti\ccsv6\tools\compiler\ti-cgt-arm_5.2.6\lib\</path>
         <kind>archive</kind>
         <file>rtsv7M4_T_le_eabi.lib</file>
         <name>memchr.obj</name>
      </input_file>
      <input_file id="fl-14c">
         <path>C:\ti\ccsv6\tools\compiler\ti-cgt-arm_5.2.6\lib\</path>
         <kind>archive</kind>
         <file>rtsv7M4_T_le_eabi.lib</file>
         <name>strchr.obj</name>
      </input_file>
      <input_file id="fl-14d">
         <path>C:\ti\ccsv6\tools\compiler\ti-cgt-arm_5.2.6\lib\</path>
         <kind>archive</kind>
         <file>rtsv7M4_T_le_eabi.lib</file>
         <name>strcmp.obj</name>
      </input_file>
      <input_file id="fl-14e">
         <path>C:\ti\ccsv6\tools\compiler\ti-cgt-arm_5.2.6\lib\</path>
         <kind>archive</kind>
         <file>rtsv7M4_T_le_eabi.lib</file>
         <name>strlen.obj</name>
      </input_file>
      <input_file id="fl-14f">
         <path>C:\ti\ccsv6\tools\compiler\ti-cgt-arm_5.2.6\lib\</path>
         <kind>archive</kind>
         <file>rtsv7M4_T_le_eabi.lib</file>
         <name>strncpy.obj</name>
      </input_file>
      <input_file id="fl-150">
         <path>C:\ti\ccsv6\tools\compiler\ti-cgt-arm_5.2.6\lib\</path>
         <kind>archive</kind>
         <file>rtsv7M4_T_le_eabi.lib</file>
         <name>trgdrv.obj</name>
      </input_file>
      <input_file id="fl-151">
         <path>C:\ti\ccsv6\tools\compiler\ti-cgt-arm_5.2.6\lib\</path>
         <kind>archive</kind>
         <file>rtsv7M4_T_le_eabi.lib</file>
         <name>trgmsg.obj</name>
      </input_file>
      <input_file id="fl-152">
         <path>C:\ti\ccsv6\tools\compiler\ti-cgt-arm_5.2.6\lib\</path>
         <kind>archive</kind>
         <file>rtsv7M4_T_le_eabi.lib</file>
         <name>ull_div_t2.obj</name>
      </input_file>
      <input_file id="fl-153">
         <path>C:\ti\ccsv6\tools\compiler\ti-cgt-arm_5.2.6\lib\</path>
         <kind>archive</kind>
         <file>rtsv7M4_T_le_eabi.lib</file>
         <name>xdclass.obj</name>
      </input_file>
      <input_file id="fl-154">
         <path>C:\ti\ccsv6\tools\compiler\ti-cgt-arm_5.2.6\lib\</path>
         <kind>archive</kind>
         <file>rtsv7M4_T_le_eabi.lib</file>
         <name>xdscale.obj</name>
      </input_file>
      <input_file id="fl-155">
         <path>C:\ti\ccsv6\tools\compiler\ti-cgt-arm_5.2.6\lib\</path>
         <kind>archive</kind>
         <file>rtsv7M4_T_le_eabi.lib</file>
         <name>xdunscal.obj</name>
      </input_file>
      <input_file id="fl-156">
         <path>C:\ti\ccsv6\tools\compiler\ti-cgt-arm_5.2.6\lib\</path>
         <kind>archive</kind>
         <file>rtsv7M4_T_le_eabi.lib</file>
         <name>xferaise.obj</name>
      </input_file>
      <input_file id="fl-157">
         <path>C:\ti\ccsv6\tools\compiler\ti-cgt-arm_5.2.6\lib\</path>
         <kind>archive</kind>
         <file>rtsv7M4_T_le_eabi.lib</file>
         <name>xvalues.obj</name>
      </input_file>
      <input_file id="fl-158">
         <path>C:\ti\ccsv6\tools\compiler\ti-cgt-arm_5.2.6\lib\</path>
         <kind>archive</kind>
         <file>rtsv7M4_T_le_eabi.lib</file>
         <name>_io_perm.obj</name>
      </input_file>
      <input_file id="fl-159">
         <path>C:\ti\ccsv6\tools\compiler\ti-cgt-arm_5.2.6\lib\</path>
         <kind>archive</kind>
         <file>rtsv7M4_T_le_eabi.lib</file>
         <name>errno.obj</name>
      </input_file>
      <input_file id="fl-15a">
         <path>C:\ti\ccsv6\tools\compiler\ti-cgt-arm_5.2.6\lib\</path>
         <kind>archive</kind>
         <file>rtsv7M4_T_le_eabi.lib</file>
         <name>feraiseexcept.obj</name>
      </input_file>
      <input_file id="fl-15b">
         <path>C:\ti\ccsv6\tools\compiler\ti-cgt-arm_5.2.6\lib\</path>
         <kind>archive</kind>
         <file>rtsv7M4_T_le_eabi.lib</file>
         <name>fflush.obj</name>
      </input_file>
      <input_file id="fl-15c">
         <path>C:\ti\ccsv6\tools\compiler\ti-cgt-arm_5.2.6\lib\</path>
         <kind>archive</kind>
         <file>rtsv7M4_T_le_eabi.lib</file>
         <name>fseek.obj</name>
      </input_file>
      <input_file id="fl-15d">
         <path>C:\ti\ccsv6\tools\compiler\ti-cgt-arm_5.2.6\lib\</path>
         <kind>archive</kind>
         <file>rtsv7M4_T_le_eabi.lib</file>
         <name>raise.obj</name>
      </input_file>
      <input_file id="fl-15e">
         <path>C:\ti\ccsv6\tools\compiler\ti-cgt-arm_5.2.6\lib\</path>
         <kind>archive</kind>
         <file>rtsv7M4_T_le_eabi.lib</file>
         <name>setvbuf.obj</name>
      </input_file>
      <input_file id="fl-15f">
         <path>C:\ti\ccsv6\tools\compiler\ti-cgt-arm_5.2.6\lib\</path>
         <kind>archive</kind>
         <file>rtsv7M4_T_le_eabi.lib</file>
         <name>signal.obj</name>
      </input_file>
      <input_file id="fl-160">
         <path>C:\ti\ccsv6\tools\compiler\ti-cgt-arm_5.2.6\lib\</path>
         <kind>archive</kind>
         <file>rtsv7M4_T_le_eabi.lib</file>
         <name>strcpy.obj</name>
      </input_file>
      <input_file id="fl-161">
         <path>C:\ti\ccsv6\tools\compiler\ti-cgt-arm_5.2.6\lib\</path>
         <kind>archive</kind>
         <file>rtsv7M4_T_le_eabi.lib</file>
         <name>xdnorm.obj</name>
      </input_file>
      <input_file id="fl-162">
         <path>C:\ti\ccsv6\tools\compiler\ti-cgt-arm_5.2.6\lib\</path>
         <kind>archive</kind>
         <file>rtsv7M4_T_le_eabi.lib</file>
         <name>fopen.obj</name>
      </input_file>
      <input_file id="fl-163">
         <path>C:\ti\ccsv6\tools\compiler\ti-cgt-arm_5.2.6\lib\</path>
         <kind>archive</kind>
         <file>rtsv7M4_T_le_eabi.lib</file>
         <name>memory.obj</name>
      </input_file>
      <input_file id="fl-164">
         <path>C:\ti\ccsv6\tools\compiler\ti-cgt-arm_5.2.6\lib\</path>
         <kind>archive</kind>
         <file>rtsv7M4_T_le_eabi.lib</file>
         <name>fclose.obj</name>
      </input_file>
      <input_file id="fl-165">
         <path>C:\ti\ccsv6\tools\compiler\ti-cgt-arm_5.2.6\lib\</path>
         <kind>archive</kind>
         <file>rtsv7M4_T_le_eabi.lib</file>
         <name>remove.obj</name>
      </input_file>
      <input_file id="fl-166">
         <path>C:\ti\CC3200SDK_1.1.0\cc3200-sdk\driverlib\ccs\Release\</path>
         <kind>archive</kind>
         <file>driverlib.a</file>
         <name>gpio.obj</name>
      </input_file>
      <input_file id="fl-167">
         <path>C:\ti\CC3200SDK_1.1.0\cc3200-sdk\driverlib\ccs\Release\</path>
         <kind>archive</kind>
         <file>driverlib.a</file>
         <name>interrupt.obj</name>
      </input_file>
      <input_file id="fl-168">
         <path>C:\ti\CC3200SDK_1.1.0\cc3200-sdk\driverlib\ccs\Release\</path>
         <kind>archive</kind>
         <file>driverlib.a</file>
         <name>pin.obj</name>
      </input_file>
      <input_file id="fl-169">
         <path>C:\ti\CC3200SDK_1.1.0\cc3200-sdk\driverlib\ccs\Release\</path>
         <kind>archive</kind>
         <file>driverlib.a</file>
         <name>prcm.obj</name>
      </input_file>
      <input_file id="fl-16a">
         <path>C:\ti\CC3200SDK_1.1.0\cc3200-sdk\driverlib\ccs\Release\</path>
         <kind>archive</kind>
         <file>driverlib.a</file>
         <name>utils.obj</name>
      </input_file>
      <input_file id="fl-16b">
         <path>C:\ti\CC3200SDK_1.1.0\cc3200-sdk\driverlib\ccs\Release\</path>
         <kind>archive</kind>
         <file>driverlib.a</file>
         <name>cpu.obj</name>
      </input_file>
      <input_file id="fl-16c">
         <path>C:\ti\CC3200SDK_1.1.0\cc3200-sdk\driverlib\ccs\Release\</path>
         <kind>archive</kind>
         <file>driverlib.a</file>
         <name>flash.obj</name>
      </input_file>
      <input_file id="fl-16d">
         <path>C:\ti\ccsv6\tools\compiler\ti-cgt-arm_5.2.6\lib\</path>
         <kind>archive</kind>
         <file>rtsv7M4_T_le_eabi.lib</file>
         <name>ll_lsr_t2.obj</name>
      </input_file>
   </input_file_list>
   <object_component_list>
      <object_component id="oc-f">
         <name>.intvecs</name>
         <load_address>0x20004000</load_address>
         <run_address>0x20004000</run_address>
         <size>0x400</size>
         <input_file_ref idref="fl-5"/>
      </object_component>
      <object_component id="oc-153">
         <name>.text</name>
         <load_address>0x20004400</load_address>
         <run_address>0x20004400</run_address>
         <size>0x10a6</size>
         <input_file_ref idref="fl-137"/>
      </object_component>
      <object_component id="oc-2f4">
         <name>.text</name>
         <load_address>0x200054a8</load_address>
         <run_address>0x200054a8</run_address>
         <size>0x3dc</size>
         <input_file_ref idref="fl-163"/>
      </object_component>
      <object_component id="oc-cc">
         <name>.text</name>
         <load_address>0x20005884</load_address>
         <run_address>0x20005884</run_address>
         <size>0x39c</size>
         <input_file_ref idref="fl-2"/>
      </object_component>
      <object_component id="oc-1d6">
         <name>.text</name>
         <load_address>0x20005c20</load_address>
         <run_address>0x20005c20</run_address>
         <size>0x30c</size>
         <input_file_ref idref="fl-148"/>
      </object_component>
      <object_component id="oc-311">
         <name>.text</name>
         <load_address>0x20005f2c</load_address>
         <run_address>0x20005f2c</run_address>
         <size>0x2d4</size>
         <input_file_ref idref="fl-150"/>
      </object_component>
      <object_component id="oc-1ec">
         <name>.text</name>
         <load_address>0x20006200</load_address>
         <run_address>0x20006200</run_address>
         <size>0x1f4</size>
         <input_file_ref idref="fl-152"/>
      </object_component>
      <object_component id="oc-2fa">
         <name>.text</name>
         <load_address>0x200063f4</load_address>
         <run_address>0x200063f4</run_address>
         <size>0x1c4</size>
         <input_file_ref idref="fl-162"/>
      </object_component>
      <object_component id="oc-215">
         <name>.text</name>
         <load_address>0x200065b8</load_address>
         <run_address>0x200065b8</run_address>
         <size>0x1b6</size>
         <input_file_ref idref="fl-13e"/>
      </object_component>
      <object_component id="oc-9f">
         <name>.text</name>
         <load_address>0x20006770</load_address>
         <run_address>0x20006770</run_address>
         <size>0x1b4</size>
         <input_file_ref idref="fl-3"/>
      </object_component>
      <object_component id="oc-1fb">
         <name>.text</name>
         <load_address>0x20006924</load_address>
         <run_address>0x20006924</run_address>
         <size>0x136</size>
         <input_file_ref idref="fl-140"/>
      </object_component>
      <object_component id="oc-f1">
         <name>.text:PRCMCC3200MCUInit</name>
         <load_address>0x20006a5c</load_address>
         <run_address>0x20006a5c</run_address>
         <size>0x134</size>
         <input_file_ref idref="fl-169"/>
      </object_component>
      <object_component id="oc-14d">
         <name>.text</name>
         <load_address>0x20006b90</load_address>
         <run_address>0x20006b90</run_address>
         <size>0x134</size>
         <input_file_ref idref="fl-144"/>
      </object_component>
      <object_component id="oc-2c0">
         <name>.text</name>
         <load_address>0x20006cc4</load_address>
         <run_address>0x20006cc4</run_address>
         <size>0x110</size>
         <input_file_ref idref="fl-154"/>
      </object_component>
      <object_component id="oc-1f6">
         <name>.text</name>
         <load_address>0x20006dd4</load_address>
         <run_address>0x20006dd4</run_address>
         <size>0xfc</size>
         <input_file_ref idref="fl-141"/>
      </object_component>
      <object_component id="oc-282">
         <name>.text</name>
         <load_address>0x20006ed0</load_address>
         <run_address>0x20006ed0</run_address>
         <size>0xdc</size>
         <input_file_ref idref="fl-15e"/>
      </object_component>
      <object_component id="oc-1d0">
         <name>.text</name>
         <load_address>0x20006fac</load_address>
         <run_address>0x20006fac</run_address>
         <size>0xc8</size>
         <input_file_ref idref="fl-15b"/>
      </object_component>
      <object_component id="oc-326">
         <name>.text</name>
         <load_address>0x20007074</load_address>
         <run_address>0x20007074</run_address>
         <size>0xbe</size>
         <input_file_ref idref="fl-161"/>
      </object_component>
      <object_component id="oc-f7">
         <name>.text</name>
         <load_address>0x20007134</load_address>
         <run_address>0x20007134</run_address>
         <size>0xb8</size>
         <input_file_ref idref="fl-4"/>
      </object_component>
      <object_component id="oc-1ca">
         <name>.text</name>
         <load_address>0x200071ec</load_address>
         <run_address>0x200071ec</run_address>
         <size>0xac</size>
         <input_file_ref idref="fl-158"/>
      </object_component>
      <object_component id="oc-eb">
         <name>.text:IntEnable</name>
         <load_address>0x20007298</load_address>
         <run_address>0x20007298</run_address>
         <size>0xa8</size>
         <input_file_ref idref="fl-167"/>
      </object_component>
      <object_component id="oc-36">
         <name>.text</name>
         <load_address>0x20007340</load_address>
         <run_address>0x20007340</run_address>
         <size>0x9c</size>
         <input_file_ref idref="fl-131"/>
      </object_component>
      <object_component id="oc-355">
         <name>.text</name>
         <load_address>0x200073dc</load_address>
         <run_address>0x200073dc</run_address>
         <size>0x98</size>
         <input_file_ref idref="fl-164"/>
      </object_component>
      <object_component id="oc-147">
         <name>.text</name>
         <load_address>0x20007474</load_address>
         <run_address>0x20007474</run_address>
         <size>0x98</size>
         <input_file_ref idref="fl-143"/>
      </object_component>
      <object_component id="oc-267">
         <name>.text:PinConfigSet</name>
         <load_address>0x2000750c</load_address>
         <run_address>0x2000750c</run_address>
         <size>0x88</size>
         <input_file_ref idref="fl-168"/>
      </object_component>
      <object_component id="oc-1f1">
         <name>.text:__aeabi_cdcmple</name>
         <load_address>0x20007594</load_address>
         <run_address>0x20007594</run_address>
         <size>0x86</size>
         <input_file_ref idref="fl-13f"/>
      </object_component>
      <object_component id="oc-200">
         <name>.text:__aeabi_cdrcmple</name>
         <load_address>0x2000761a</load_address>
         <run_address>0x2000761a</run_address>
         <size>0x86</size>
         <input_file_ref idref="fl-13f"/>
      </object_component>
      <object_component id="oc-11a">
         <name>.text:GPIOIntTypeSet</name>
         <load_address>0x200076a0</load_address>
         <run_address>0x200076a0</run_address>
         <size>0x82</size>
         <input_file_ref idref="fl-166"/>
      </object_component>
      <object_component id="oc-4f">
         <name>.text</name>
         <load_address>0x20007722</load_address>
         <run_address>0x20007722</run_address>
         <size>0x7a</size>
         <input_file_ref idref="fl-132"/>
      </object_component>
      <object_component id="oc-d3">
         <name>.text</name>
         <load_address>0x2000779c</load_address>
         <run_address>0x2000779c</run_address>
         <size>0x70</size>
         <input_file_ref idref="fl-134"/>
      </object_component>
      <object_component id="oc-61">
         <name>.text</name>
         <load_address>0x2000780c</load_address>
         <run_address>0x2000780c</run_address>
         <size>0x6c</size>
         <input_file_ref idref="fl-13a"/>
      </object_component>
      <object_component id="oc-42">
         <name>.text</name>
         <load_address>0x20007878</load_address>
         <run_address>0x20007878</run_address>
         <size>0x6a</size>
         <input_file_ref idref="fl-12e"/>
      </object_component>
      <object_component id="oc-364">
         <name>.text</name>
         <load_address>0x200078e4</load_address>
         <run_address>0x200078e4</run_address>
         <size>0x68</size>
         <input_file_ref idref="fl-151"/>
      </object_component>
      <object_component id="oc-2b8">
         <name>.text</name>
         <load_address>0x2000794c</load_address>
         <run_address>0x2000794c</run_address>
         <size>0x66</size>
         <input_file_ref idref="fl-155"/>
      </object_component>
      <object_component id="oc-27c">
         <name>.text</name>
         <load_address>0x200079b4</load_address>
         <run_address>0x200079b4</run_address>
         <size>0x64</size>
         <input_file_ref idref="fl-15c"/>
      </object_component>
      <object_component id="oc-187">
         <name>.text:PRCMPeripheralReset</name>
         <load_address>0x20007a18</load_address>
         <run_address>0x20007a18</run_address>
         <size>0x58</size>
         <input_file_ref idref="fl-169"/>
      </object_component>
      <object_component id="oc-20a">
         <name>.text</name>
         <load_address>0x20007a70</load_address>
         <run_address>0x20007a70</run_address>
         <size>0x56</size>
         <input_file_ref idref="fl-149"/>
      </object_component>
      <object_component id="oc-120">
         <name>.text:IntPrioritySet</name>
         <load_address>0x20007ac8</load_address>
         <run_address>0x20007ac8</run_address>
         <size>0x54</size>
         <input_file_ref idref="fl-167"/>
      </object_component>
      <object_component id="oc-238">
         <name>.text</name>
         <load_address>0x20007b1c</load_address>
         <run_address>0x20007b1c</run_address>
         <size>0x4c</size>
         <input_file_ref idref="fl-139"/>
      </object_component>
      <object_component id="oc-97">
         <name>.text</name>
         <load_address>0x20007b68</load_address>
         <run_address>0x20007b68</run_address>
         <size>0x4c</size>
         <input_file_ref idref="fl-13b"/>
      </object_component>
      <object_component id="oc-1b5">
         <name>.text:GPIOGetIntNumber</name>
         <load_address>0x20007bb4</load_address>
         <run_address>0x20007bb4</run_address>
         <size>0x48</size>
         <input_file_ref idref="fl-166"/>
      </object_component>
      <object_component id="oc-205">
         <name>.text</name>
         <load_address>0x20007bfc</load_address>
         <run_address>0x20007bfc</run_address>
         <size>0x48</size>
         <input_file_ref idref="fl-142"/>
      </object_component>
      <object_component id="oc-220">
         <name>.text</name>
         <load_address>0x20007c44</load_address>
         <run_address>0x20007c44</run_address>
         <size>0x46</size>
         <input_file_ref idref="fl-147"/>
      </object_component>
      <object_component id="oc-6d">
         <name>.text</name>
         <load_address>0x20007c8c</load_address>
         <run_address>0x20007c8c</run_address>
         <size>0x44</size>
         <input_file_ref idref="fl-130"/>
      </object_component>
      <object_component id="oc-26d">
         <name>.text:PinModeSet</name>
         <load_address>0x20007cd0</load_address>
         <run_address>0x20007cd0</run_address>
         <size>0x40</size>
         <input_file_ref idref="fl-168"/>
      </object_component>
      <object_component id="oc-3aa">
         <name>.text</name>
         <load_address>0x20007d10</load_address>
         <run_address>0x20007d10</run_address>
         <size>0x40</size>
         <input_file_ref idref="fl-15f"/>
      </object_component>
      <object_component id="oc-181">
         <name>.text:PRCMPeripheralClkEnable</name>
         <load_address>0x20007d50</load_address>
         <run_address>0x20007d50</run_address>
         <size>0x3c</size>
         <input_file_ref idref="fl-169"/>
      </object_component>
      <object_component id="oc-24">
         <name>.text</name>
         <load_address>0x20007d8c</load_address>
         <run_address>0x20007d8c</run_address>
         <size>0x3c</size>
         <input_file_ref idref="fl-12c"/>
      </object_component>
      <object_component id="oc-1a0">
         <name>.text:GPIODirModeSet</name>
         <load_address>0x20007dc8</load_address>
         <run_address>0x20007dc8</run_address>
         <size>0x36</size>
         <input_file_ref idref="fl-166"/>
      </object_component>
      <object_component id="oc-335">
         <name>.text</name>
         <load_address>0x20007e00</load_address>
         <run_address>0x20007e00</run_address>
         <size>0x34</size>
         <input_file_ref idref="fl-15a"/>
      </object_component>
      <object_component id="oc-19a">
         <name>.text:PinTypeGPIO</name>
         <load_address>0x20007e34</load_address>
         <run_address>0x20007e34</run_address>
         <size>0x30</size>
         <input_file_ref idref="fl-168"/>
      </object_component>
      <object_component id="oc-295">
         <name>.text</name>
         <load_address>0x20007e64</load_address>
         <run_address>0x20007e64</run_address>
         <size>0x30</size>
         <input_file_ref idref="fl-14f"/>
      </object_component>
      <object_component id="oc-2c6">
         <name>.text</name>
         <load_address>0x20007e94</load_address>
         <run_address>0x20007e94</run_address>
         <size>0x30</size>
         <input_file_ref idref="fl-156"/>
      </object_component>
      <object_component id="oc-210">
         <name>.text</name>
         <load_address>0x20007ec4</load_address>
         <run_address>0x20007ec4</run_address>
         <size>0x2e</size>
         <input_file_ref idref="fl-146"/>
      </object_component>
      <object_component id="oc-386">
         <name>.text</name>
         <load_address>0x20007ef2</load_address>
         <run_address>0x20007ef2</run_address>
         <size>0x2e</size>
         <input_file_ref idref="fl-15d"/>
      </object_component>
      <object_component id="oc-193">
         <name>.text:PRCMSysResetCauseGet</name>
         <load_address>0x20007f20</load_address>
         <run_address>0x20007f20</run_address>
         <size>0x2c</size>
         <input_file_ref idref="fl-169"/>
      </object_component>
      <object_component id="oc-22c">
         <name>.text</name>
         <load_address>0x20007f4c</load_address>
         <run_address>0x20007f4c</run_address>
         <size>0x2a</size>
         <input_file_ref idref="fl-153"/>
      </object_component>
      <object_component id="oc-18d">
         <name>.text:PRCMPeripheralClkDisable</name>
         <load_address>0x20007f78</load_address>
         <run_address>0x20007f78</run_address>
         <size>0x28</size>
         <input_file_ref idref="fl-169"/>
      </object_component>
      <object_component id="oc-21a">
         <name>.text</name>
         <load_address>0x20007fa0</load_address>
         <run_address>0x20007fa0</run_address>
         <size>0x22</size>
         <input_file_ref idref="fl-145"/>
      </object_component>
      <object_component id="oc-138">
         <name>.text:GPIOPinWrite</name>
         <load_address>0x20007fc2</load_address>
         <run_address>0x20007fc2</run_address>
         <size>0x20</size>
         <input_file_ref idref="fl-166"/>
      </object_component>
      <object_component id="oc-1bb">
         <name>.text:IntRegister</name>
         <load_address>0x20007fe4</load_address>
         <run_address>0x20007fe4</run_address>
         <size>0x20</size>
         <input_file_ref idref="fl-167"/>
      </object_component>
      <object_component id="oc-1e4">
         <name>.text</name>
         <load_address>0x20008004</load_address>
         <run_address>0x20008004</run_address>
         <size>0x20</size>
         <input_file_ref idref="fl-14b"/>
      </object_component>
      <object_component id="oc-126">
         <name>.text:GPIOIntRegister</name>
         <load_address>0x20008024</load_address>
         <run_address>0x20008024</run_address>
         <size>0x1e</size>
         <input_file_ref idref="fl-166"/>
      </object_component>
      <object_component id="oc-232">
         <name>.text</name>
         <load_address>0x20008042</load_address>
         <run_address>0x20008042</run_address>
         <size>0x1c</size>
         <input_file_ref idref="fl-14a"/>
      </object_component>
      <object_component id="oc-132">
         <name>.text:GPIOIntEnable</name>
         <load_address>0x2000805e</load_address>
         <run_address>0x2000805e</run_address>
         <size>0x1a</size>
         <input_file_ref idref="fl-166"/>
      </object_component>
      <object_component id="oc-1a6">
         <name>.text:PinTypeUART</name>
         <load_address>0x20008078</load_address>
         <run_address>0x20008078</run_address>
         <size>0x1a</size>
         <input_file_ref idref="fl-168"/>
      </object_component>
      <object_component id="oc-d9">
         <name>.text:GPIOPinRead</name>
         <load_address>0x20008092</load_address>
         <run_address>0x20008092</run_address>
         <size>0x18</size>
         <input_file_ref idref="fl-166"/>
      </object_component>
      <object_component id="oc-67">
         <name>.text</name>
         <load_address>0x200080ac</load_address>
         <run_address>0x200080ac</run_address>
         <size>0x18</size>
         <input_file_ref idref="fl-138"/>
      </object_component>
      <object_component id="oc-28f">
         <name>.text</name>
         <load_address>0x200080c4</load_address>
         <run_address>0x200080c4</run_address>
         <size>0x18</size>
         <input_file_ref idref="fl-14d"/>
      </object_component>
      <object_component id="oc-175">
         <name>.text:PRCMHIBRegRead</name>
         <load_address>0x200080dc</load_address>
         <run_address>0x200080dc</run_address>
         <size>0x16</size>
         <input_file_ref idref="fl-169"/>
      </object_component>
      <object_component id="oc-17b">
         <name>.text:PRCMHIBRegWrite</name>
         <load_address>0x200080f2</load_address>
         <run_address>0x200080f2</run_address>
         <size>0x16</size>
         <input_file_ref idref="fl-169"/>
      </object_component>
      <object_component id="oc-226">
         <name>.text</name>
         <load_address>0x20008108</load_address>
         <run_address>0x20008108</run_address>
         <size>0x16</size>
         <input_file_ref idref="fl-14c"/>
      </object_component>
      <object_component id="oc-165">
         <name>.text:CPUcpsie</name>
         <load_address>0x2000811e</load_address>
         <run_address>0x2000811e</run_address>
         <size>0x14</size>
         <input_file_ref idref="fl-16b"/>
      </object_component>
      <object_component id="oc-12c">
         <name>.text:GPIOIntClear</name>
         <load_address>0x20008132</load_address>
         <run_address>0x20008132</run_address>
         <size>0x14</size>
         <input_file_ref idref="fl-166"/>
      </object_component>
      <object_component id="oc-df">
         <name>.text:IntVTableBaseSet</name>
         <load_address>0x20008148</load_address>
         <run_address>0x20008148</run_address>
         <size>0x14</size>
         <input_file_ref idref="fl-167"/>
      </object_component>
      <object_component id="oc-105">
         <name>.text</name>
         <load_address>0x2000815c</load_address>
         <run_address>0x2000815c</run_address>
         <size>0x14</size>
         <input_file_ref idref="fl-136"/>
      </object_component>
      <object_component id="oc-36a">
         <name>.text</name>
         <load_address>0x20008170</load_address>
         <run_address>0x20008170</run_address>
         <size>0x14</size>
         <input_file_ref idref="fl-160"/>
      </object_component>
      <object_component id="oc-1de">
         <name>.text</name>
         <load_address>0x20008184</load_address>
         <run_address>0x20008184</run_address>
         <size>0x14</size>
         <input_file_ref idref="fl-14e"/>
      </object_component>
      <object_component id="oc-12">
         <name>.text:decompress:none</name>
         <load_address>0x20008198</load_address>
         <run_address>0x20008198</run_address>
         <size>0xe</size>
         <input_file_ref idref="fl-12d"/>
      </object_component>
      <object_component id="oc-2d">
         <name>.text</name>
         <load_address>0x200081a6</load_address>
         <run_address>0x200081a6</run_address>
         <size>0xe</size>
         <input_file_ref idref="fl-5"/>
      </object_component>
      <object_component id="oc-1e">
         <name>.text:decompress:ZI</name>
         <load_address>0x200081b4</load_address>
         <run_address>0x200081b4</run_address>
         <size>0xc</size>
         <input_file_ref idref="fl-12f"/>
      </object_component>
      <object_component id="oc-e5">
         <name>.text:IntMasterEnable</name>
         <load_address>0x200081c0</load_address>
         <run_address>0x200081c0</run_address>
         <size>0xa</size>
         <input_file_ref idref="fl-167"/>
      </object_component>
      <object_component id="oc-d2">
         <name>.text:UtilsDelay</name>
         <load_address>0x200081ca</load_address>
         <run_address>0x200081ca</run_address>
         <size>0x6</size>
         <input_file_ref idref="fl-16a"/>
      </object_component>
      <object_component id="oc-18">
         <name>.text:decompress:rle24</name>
         <load_address>0x200081d0</load_address>
         <run_address>0x200081d0</run_address>
         <size>0x6</size>
         <input_file_ref idref="fl-12e"/>
      </object_component>
      <object_component id="oc-5b">
         <name>.text</name>
         <load_address>0x200081d6</load_address>
         <run_address>0x200081d6</run_address>
         <size>0x4</size>
         <input_file_ref idref="fl-133"/>
      </object_component>
      <object_component id="oc-2d4">
         <name>.const:.string:_ctypes_</name>
         <load_address>0x200081dc</load_address>
         <run_address>0x200081dc</run_address>
         <size>0x101</size>
         <input_file_ref idref="fl-13c"/>
      </object_component>
      <object_component id="oc-2ed">
         <name>.const:g_ulPinToPadMap</name>
         <load_address>0x200082e0</load_address>
         <run_address>0x200082e0</run_address>
         <size>0x100</size>
         <input_file_ref idref="fl-168"/>
      </object_component>
      <object_component id="oc-1b1">
         <name>.const:g_pulRegs</name>
         <load_address>0x200083e0</load_address>
         <run_address>0x200083e0</run_address>
         <size>0xd4</size>
         <input_file_ref idref="fl-167"/>
      </object_component>
      <object_component id="oc-25f">
         <name>.const:PRCM_PeriphRegsList</name>
         <load_address>0x200084b4</load_address>
         <run_address>0x200084b4</run_address>
         <size>0xa8</size>
         <input_file_ref idref="fl-169"/>
      </object_component>
      <object_component id="oc-171">
         <name>.const</name>
         <load_address>0x2000855c</load_address>
         <run_address>0x2000855c</run_address>
         <size>0x80</size>
         <input_file_ref idref="fl-167"/>
      </object_component>
      <object_component id="oc-3fa">
         <name>.cinit..data.load</name>
         <load_address>0x200085e0</load_address>
         <run_address>0x200085e0</run_address>
         <size>0xc2</size>
      </object_component>
      <object_component id="oc-3f8">
         <name>__TI_handler_table</name>
         <load_address>0x200086a4</load_address>
         <run_address>0x200086a4</run_address>
         <size>0xc</size>
      </object_component>
      <object_component id="oc-3fb">
         <name>.cinit..bss.load</name>
         <load_address>0x200086b0</load_address>
         <run_address>0x200086b0</run_address>
         <size>0x8</size>
      </object_component>
      <object_component id="oc-3f9">
         <name>__TI_cinit_table</name>
         <load_address>0x200086b8</load_address>
         <run_address>0x200086b8</run_address>
         <size>0x10</size>
      </object_component>
      <object_component id="oc-2a">
         <name>.sysmem</name>
         <uninitialized>true</uninitialized>
         <run_address>0x2001d000</run_address>
         <size>0x8</size>
         <input_file_ref idref="fl-163"/>
      </object_component>
      <object_component id="oc-3fd">
         <name>.sysmem</name>
         <uninitialized>true</uninitialized>
         <run_address>0x2001d000</run_address>
         <size>0x0</size>
      </object_component>
      <object_component id="oc-29">
         <name>.stack</name>
         <uninitialized>true</uninitialized>
         <run_address>0x2003f800</run_address>
         <size>0x0</size>
         <input_file_ref idref="fl-12c"/>
      </object_component>
      <object_component id="oc-3fc">
         <name>.stack</name>
         <uninitialized>true</uninitialized>
         <run_address>0x2003f800</run_address>
         <size>0x0</size>
      </object_component>
      <object_component id="oc-398">
         <name>.bss:__TI_tmpnams</name>
         <uninitialized>true</uninitialized>
         <run_address>0x2001dc70</run_address>
         <size>0xa0</size>
         <input_file_ref idref="fl-13d"/>
      </object_component>
      <object_component id="oc-39f">
         <name>.bss:__CIOBUF_</name>
         <uninitialized>true</uninitialized>
         <run_address>0x2001db50</run_address>
         <size>0x120</size>
         <input_file_ref idref="fl-151"/>
      </object_component>
      <object_component id="oc-141">
         <name>.common:g_ucLED1Pin</name>
         <uninitialized>true</uninitialized>
         <run_address>0x2001dd18</run_address>
         <size>0x1</size>
      </object_component>
      <object_component id="oc-144">
         <name>.common:g_ucLED2Pin</name>
         <uninitialized>true</uninitialized>
         <run_address>0x2001dd19</run_address>
         <size>0x1</size>
      </object_component>
      <object_component id="oc-145">
         <name>.common:g_ucLED3Pin</name>
         <uninitialized>true</uninitialized>
         <run_address>0x2001dd1a</run_address>
         <size>0x1</size>
      </object_component>
      <object_component id="oc-370">
         <name>.common:parmbuf</name>
         <uninitialized>true</uninitialized>
         <run_address>0x2001dd10</run_address>
         <size>0x8</size>
      </object_component>
      <object_component id="oc-13e">
         <name>.data</name>
         <load_address>0x2001daf0</load_address>
         <run_address>0x2001daf0</run_address>
         <size>0x20</size>
         <input_file_ref idref="fl-2"/>
      </object_component>
      <object_component id="oc-aa">
         <name>.data</name>
         <load_address>0x2001db34</load_address>
         <run_address>0x2001db34</run_address>
         <size>0x8</size>
         <input_file_ref idref="fl-130"/>
      </object_component>
      <object_component id="oc-73">
         <name>.data</name>
         <load_address>0x2001db4c</load_address>
         <run_address>0x2001db4c</run_address>
         <size>0x4</size>
         <input_file_ref idref="fl-135"/>
      </object_component>
      <object_component id="oc-a7">
         <name>.data</name>
         <load_address>0x2001db2c</load_address>
         <run_address>0x2001db2c</run_address>
         <size>0x8</size>
         <input_file_ref idref="fl-136"/>
      </object_component>
      <object_component id="oc-159">
         <name>.data:_ftable</name>
         <load_address>0x2001d800</load_address>
         <run_address>0x2001d800</run_address>
         <size>0xf0</size>
         <input_file_ref idref="fl-13d"/>
      </object_component>
      <object_component id="oc-28a">
         <name>.data</name>
         <load_address>0x2001db10</load_address>
         <run_address>0x2001db10</run_address>
         <size>0x10</size>
         <input_file_ref idref="fl-13d"/>
      </object_component>
      <object_component id="oc-29b">
         <name>.data</name>
         <load_address>0x2001d8f0</load_address>
         <run_address>0x2001d8f0</run_address>
         <size>0xd0</size>
         <input_file_ref idref="fl-148"/>
      </object_component>
      <object_component id="oc-330">
         <name>.data</name>
         <load_address>0x2001da70</load_address>
         <run_address>0x2001da70</run_address>
         <size>0x80</size>
         <input_file_ref idref="fl-157"/>
      </object_component>
      <object_component id="oc-33b">
         <name>.data</name>
         <load_address>0x2001db44</load_address>
         <run_address>0x2001db44</run_address>
         <size>0x4</size>
         <input_file_ref idref="fl-159"/>
      </object_component>
      <object_component id="oc-38c">
         <name>.data</name>
         <load_address>0x2001db3c</load_address>
         <run_address>0x2001db3c</run_address>
         <size>0x8</size>
         <input_file_ref idref="fl-15a"/>
      </object_component>
      <object_component id="oc-3c5">
         <name>.data:sigtable</name>
         <load_address>0x2001d9c0</load_address>
         <run_address>0x2001d9c0</run_address>
         <size>0xb0</size>
         <input_file_ref idref="fl-15f"/>
      </object_component>
      <object_component id="oc-35b">
         <name>.data</name>
         <load_address>0x2001db48</load_address>
         <run_address>0x2001db48</run_address>
         <size>0x4</size>
         <input_file_ref idref="fl-162"/>
      </object_component>
      <object_component id="oc-351">
         <name>.data</name>
         <load_address>0x2001db20</load_address>
         <run_address>0x2001db20</run_address>
         <size>0xc</size>
         <input_file_ref idref="fl-163"/>
      </object_component>
      <object_component id="oc-142">
         <name>.debug_info</name>
         <load_address>0x0</load_address>
         <run_address>0x0</run_address>
         <size>0x2e0</size>
         <input_file_ref idref="fl-2"/>
      </object_component>
      <object_component id="oc-13f">
         <name>.debug_info</name>
         <load_address>0x2e0</load_address>
         <run_address>0x2e0</run_address>
         <size>0x16d</size>
         <input_file_ref idref="fl-2"/>
      </object_component>
      <object_component id="oc-cd">
         <name>.debug_info</name>
         <load_address>0x44d</load_address>
         <run_address>0x44d</run_address>
         <size>0xef7</size>
         <input_file_ref idref="fl-2"/>
      </object_component>
      <object_component id="oc-2e8">
         <name>.debug_info</name>
         <load_address>0x1344</load_address>
         <run_address>0x1344</run_address>
         <size>0x62</size>
         <input_file_ref idref="fl-2"/>
      </object_component>
      <object_component id="oc-7e">
         <name>.debug_info</name>
         <load_address>0x13a6</load_address>
         <run_address>0x13a6</run_address>
         <size>0x84</size>
         <input_file_ref idref="fl-2"/>
      </object_component>
      <object_component id="oc-16c">
         <name>.debug_info</name>
         <load_address>0x142a</load_address>
         <run_address>0x142a</run_address>
         <size>0x2c</size>
         <input_file_ref idref="fl-2"/>
      </object_component>
      <object_component id="oc-15e">
         <name>.debug_info</name>
         <load_address>0x1456</load_address>
         <run_address>0x1456</run_address>
         <size>0x4e</size>
         <input_file_ref idref="fl-2"/>
      </object_component>
      <object_component id="oc-a0">
         <name>.debug_info</name>
         <load_address>0x14a4</load_address>
         <run_address>0x14a4</run_address>
         <size>0x3fd</size>
         <input_file_ref idref="fl-3"/>
      </object_component>
      <object_component id="oc-fb">
         <name>.debug_info</name>
         <load_address>0x18a1</load_address>
         <run_address>0x18a1</run_address>
         <size>0x29f</size>
         <input_file_ref idref="fl-4"/>
      </object_component>
      <object_component id="oc-35">
         <name>.debug_info</name>
         <load_address>0x1b40</load_address>
         <run_address>0x1b40</run_address>
         <size>0x120</size>
         <input_file_ref idref="fl-5"/>
      </object_component>
      <object_component id="oc-10">
         <name>.debug_info</name>
         <load_address>0x1c60</load_address>
         <run_address>0x1c60</run_address>
         <size>0x105</size>
         <input_file_ref idref="fl-5"/>
      </object_component>
      <object_component id="oc-30">
         <name>.debug_info</name>
         <load_address>0x1d65</load_address>
         <run_address>0x1d65</run_address>
         <size>0x426</size>
         <input_file_ref idref="fl-5"/>
      </object_component>
      <object_component id="oc-27">
         <name>.debug_info</name>
         <load_address>0x218b</load_address>
         <run_address>0x218b</run_address>
         <size>0x11c</size>
         <input_file_ref idref="fl-12c"/>
      </object_component>
      <object_component id="oc-41">
         <name>.debug_info</name>
         <load_address>0x22a7</load_address>
         <run_address>0x22a7</run_address>
         <size>0x109</size>
         <input_file_ref idref="fl-12d"/>
      </object_component>
      <object_component id="oc-13">
         <name>.debug_info</name>
         <load_address>0x23b0</load_address>
         <run_address>0x23b0</run_address>
         <size>0x1a8</size>
         <input_file_ref idref="fl-12d"/>
      </object_component>
      <object_component id="oc-3c">
         <name>.debug_info</name>
         <load_address>0x2558</load_address>
         <run_address>0x2558</run_address>
         <size>0x46</size>
         <input_file_ref idref="fl-12d"/>
      </object_component>
      <object_component id="oc-84">
         <name>.debug_info</name>
         <load_address>0x259e</load_address>
         <run_address>0x259e</run_address>
         <size>0x2c</size>
         <input_file_ref idref="fl-12d"/>
      </object_component>
      <object_component id="oc-49">
         <name>.debug_info</name>
         <load_address>0x25ca</load_address>
         <run_address>0x25ca</run_address>
         <size>0xfd</size>
         <input_file_ref idref="fl-12e"/>
      </object_component>
      <object_component id="oc-45">
         <name>.debug_info</name>
         <load_address>0x26c7</load_address>
         <run_address>0x26c7</run_address>
         <size>0x210</size>
         <input_file_ref idref="fl-12e"/>
      </object_component>
      <object_component id="oc-1b">
         <name>.debug_info</name>
         <load_address>0x28d7</load_address>
         <run_address>0x28d7</run_address>
         <size>0x17a</size>
         <input_file_ref idref="fl-12e"/>
      </object_component>
      <object_component id="oc-4a">
         <name>.debug_info</name>
         <load_address>0x2a51</load_address>
         <run_address>0x2a51</run_address>
         <size>0x39</size>
         <input_file_ref idref="fl-12e"/>
      </object_component>
      <object_component id="oc-8e">
         <name>.debug_info</name>
         <load_address>0x2a8a</load_address>
         <run_address>0x2a8a</run_address>
         <size>0x2c</size>
         <input_file_ref idref="fl-12e"/>
      </object_component>
      <object_component id="oc-5a">
         <name>.debug_info</name>
         <load_address>0x2ab6</load_address>
         <run_address>0x2ab6</run_address>
         <size>0xf8</size>
         <input_file_ref idref="fl-12f"/>
      </object_component>
      <object_component id="oc-20">
         <name>.debug_info</name>
         <load_address>0x2bae</load_address>
         <run_address>0x2bae</run_address>
         <size>0x173</size>
         <input_file_ref idref="fl-12f"/>
      </object_component>
      <object_component id="oc-55">
         <name>.debug_info</name>
         <load_address>0x2d21</load_address>
         <run_address>0x2d21</run_address>
         <size>0x46</size>
         <input_file_ref idref="fl-12f"/>
      </object_component>
      <object_component id="oc-ae">
         <name>.debug_info</name>
         <load_address>0x2d67</load_address>
         <run_address>0x2d67</run_address>
         <size>0x15a</size>
         <input_file_ref idref="fl-130"/>
      </object_component>
      <object_component id="oc-ab">
         <name>.debug_info</name>
         <load_address>0x2ec1</load_address>
         <run_address>0x2ec1</run_address>
         <size>0xff</size>
         <input_file_ref idref="fl-130"/>
      </object_component>
      <object_component id="oc-6f">
         <name>.debug_info</name>
         <load_address>0x2fc0</load_address>
         <run_address>0x2fc0</run_address>
         <size>0x1d6</size>
         <input_file_ref idref="fl-130"/>
      </object_component>
      <object_component id="oc-37">
         <name>.debug_info</name>
         <load_address>0x3196</load_address>
         <run_address>0x3196</run_address>
         <size>0xde</size>
         <input_file_ref idref="fl-131"/>
      </object_component>
      <object_component id="oc-51">
         <name>.debug_info</name>
         <load_address>0x3274</load_address>
         <run_address>0x3274</run_address>
         <size>0x10c</size>
         <input_file_ref idref="fl-132"/>
      </object_component>
      <object_component id="oc-5c">
         <name>.debug_info</name>
         <load_address>0x3380</load_address>
         <run_address>0x3380</run_address>
         <size>0x111</size>
         <input_file_ref idref="fl-133"/>
      </object_component>
      <object_component id="oc-15d">
         <name>.debug_info</name>
         <load_address>0x3491</load_address>
         <run_address>0x3491</run_address>
         <size>0x1f5</size>
         <input_file_ref idref="fl-134"/>
      </object_component>
      <object_component id="oc-d6">
         <name>.debug_info</name>
         <load_address>0x3686</load_address>
         <run_address>0x3686</run_address>
         <size>0x24d</size>
         <input_file_ref idref="fl-134"/>
      </object_component>
      <object_component id="oc-254">
         <name>.debug_info</name>
         <load_address>0x38d3</load_address>
         <run_address>0x38d3</run_address>
         <size>0xae</size>
         <input_file_ref idref="fl-134"/>
      </object_component>
      <object_component id="oc-74">
         <name>.debug_info</name>
         <load_address>0x3981</load_address>
         <run_address>0x3981</run_address>
         <size>0xd2</size>
         <input_file_ref idref="fl-135"/>
      </object_component>
      <object_component id="oc-10d">
         <name>.debug_info</name>
         <load_address>0x3a53</load_address>
         <run_address>0x3a53</run_address>
         <size>0xed</size>
         <input_file_ref idref="fl-136"/>
      </object_component>
      <object_component id="oc-a8">
         <name>.debug_info</name>
         <load_address>0x3b40</load_address>
         <run_address>0x3b40</run_address>
         <size>0xdc</size>
         <input_file_ref idref="fl-136"/>
      </object_component>
      <object_component id="oc-107">
         <name>.debug_info</name>
         <load_address>0x3c1c</load_address>
         <run_address>0x3c1c</run_address>
         <size>0x1e8</size>
         <input_file_ref idref="fl-136"/>
      </object_component>
      <object_component id="oc-23f">
         <name>.debug_info</name>
         <load_address>0x3e04</load_address>
         <run_address>0x3e04</run_address>
         <size>0x320</size>
         <input_file_ref idref="fl-137"/>
      </object_component>
      <object_component id="oc-154">
         <name>.debug_info</name>
         <load_address>0x4124</load_address>
         <run_address>0x4124</run_address>
         <size>0x17d0</size>
         <input_file_ref idref="fl-137"/>
      </object_component>
      <object_component id="oc-240">
         <name>.debug_info</name>
         <load_address>0x58f4</load_address>
         <run_address>0x58f4</run_address>
         <size>0x86</size>
         <input_file_ref idref="fl-137"/>
      </object_component>
      <object_component id="oc-245">
         <name>.debug_info</name>
         <load_address>0x597a</load_address>
         <run_address>0x597a</run_address>
         <size>0x2c</size>
         <input_file_ref idref="fl-137"/>
      </object_component>
      <object_component id="oc-2db">
         <name>.debug_info</name>
         <load_address>0x59a6</load_address>
         <run_address>0x59a6</run_address>
         <size>0x46</size>
         <input_file_ref idref="fl-137"/>
      </object_component>
      <object_component id="oc-24a">
         <name>.debug_info</name>
         <load_address>0x59ec</load_address>
         <run_address>0x59ec</run_address>
         <size>0x39</size>
         <input_file_ref idref="fl-137"/>
      </object_component>
      <object_component id="oc-a6">
         <name>.debug_info</name>
         <load_address>0x5a25</load_address>
         <run_address>0x5a25</run_address>
         <size>0x12f</size>
         <input_file_ref idref="fl-138"/>
      </object_component>
      <object_component id="oc-68">
         <name>.debug_info</name>
         <load_address>0x5b54</load_address>
         <run_address>0x5b54</run_address>
         <size>0x130</size>
         <input_file_ref idref="fl-138"/>
      </object_component>
      <object_component id="oc-100">
         <name>.debug_info</name>
         <load_address>0x5c84</load_address>
         <run_address>0x5c84</run_address>
         <size>0x5e</size>
         <input_file_ref idref="fl-138"/>
      </object_component>
      <object_component id="oc-2d8">
         <name>.debug_info</name>
         <load_address>0x5ce2</load_address>
         <run_address>0x5ce2</run_address>
         <size>0xdd</size>
         <input_file_ref idref="fl-139"/>
      </object_component>
      <object_component id="oc-239">
         <name>.debug_info</name>
         <load_address>0x5dbf</load_address>
         <run_address>0x5dbf</run_address>
         <size>0x13a</size>
         <input_file_ref idref="fl-139"/>
      </object_component>
      <object_component id="oc-9e">
         <name>.debug_info</name>
         <load_address>0x5ef9</load_address>
         <run_address>0x5ef9</run_address>
         <size>0x286</size>
         <input_file_ref idref="fl-13a"/>
      </object_component>
      <object_component id="oc-64">
         <name>.debug_info</name>
         <load_address>0x617f</load_address>
         <run_address>0x617f</run_address>
         <size>0x140</size>
         <input_file_ref idref="fl-13a"/>
      </object_component>
      <object_component id="oc-c2">
         <name>.debug_info</name>
         <load_address>0x62bf</load_address>
         <run_address>0x62bf</run_address>
         <size>0x39</size>
         <input_file_ref idref="fl-13a"/>
      </object_component>
      <object_component id="oc-c7">
         <name>.debug_info</name>
         <load_address>0x62f8</load_address>
         <run_address>0x62f8</run_address>
         <size>0xcd</size>
         <input_file_ref idref="fl-13a"/>
      </object_component>
      <object_component id="oc-bf">
         <name>.debug_info</name>
         <load_address>0x63c5</load_address>
         <run_address>0x63c5</run_address>
         <size>0x1a9</size>
         <input_file_ref idref="fl-13b"/>
      </object_component>
      <object_component id="oc-9a">
         <name>.debug_info</name>
         <load_address>0x656e</load_address>
         <run_address>0x656e</run_address>
         <size>0x14c</size>
         <input_file_ref idref="fl-13b"/>
      </object_component>
      <object_component id="oc-115">
         <name>.debug_info</name>
         <load_address>0x66ba</load_address>
         <run_address>0x66ba</run_address>
         <size>0x2c</size>
         <input_file_ref idref="fl-13b"/>
      </object_component>
      <object_component id="oc-349">
         <name>.debug_info</name>
         <load_address>0x66e6</load_address>
         <run_address>0x66e6</run_address>
         <size>0xb7</size>
         <input_file_ref idref="fl-13c"/>
      </object_component>
      <object_component id="oc-2d5">
         <name>.debug_info</name>
         <load_address>0x679d</load_address>
         <run_address>0x679d</run_address>
         <size>0xc3</size>
         <input_file_ref idref="fl-13c"/>
      </object_component>
      <object_component id="oc-251">
         <name>.debug_info</name>
         <load_address>0x6860</load_address>
         <run_address>0x6860</run_address>
         <size>0xd9</size>
         <input_file_ref idref="fl-13d"/>
      </object_component>
      <object_component id="oc-15a">
         <name>.debug_info</name>
         <load_address>0x6939</load_address>
         <run_address>0x6939</run_address>
         <size>0xc0</size>
         <input_file_ref idref="fl-13d"/>
      </object_component>
      <object_component id="oc-399">
         <name>.debug_info</name>
         <load_address>0x69f9</load_address>
         <run_address>0x69f9</run_address>
         <size>0xca</size>
         <input_file_ref idref="fl-13d"/>
      </object_component>
      <object_component id="oc-28b">
         <name>.debug_info</name>
         <load_address>0x6ac3</load_address>
         <run_address>0x6ac3</run_address>
         <size>0x14d</size>
         <input_file_ref idref="fl-13d"/>
      </object_component>
      <object_component id="oc-216">
         <name>.debug_info</name>
         <load_address>0x6c10</load_address>
         <run_address>0x6c10</run_address>
         <size>0x111</size>
         <input_file_ref idref="fl-13e"/>
      </object_component>
      <object_component id="oc-1f2">
         <name>.debug_info</name>
         <load_address>0x6d21</load_address>
         <run_address>0x6d21</run_address>
         <size>0xed</size>
         <input_file_ref idref="fl-13f"/>
      </object_component>
      <object_component id="oc-203">
         <name>.debug_info</name>
         <load_address>0x6e0e</load_address>
         <run_address>0x6e0e</run_address>
         <size>0xef</size>
         <input_file_ref idref="fl-13f"/>
      </object_component>
      <object_component id="oc-1fc">
         <name>.debug_info</name>
         <load_address>0x6efd</load_address>
         <run_address>0x6efd</run_address>
         <size>0xff</size>
         <input_file_ref idref="fl-140"/>
      </object_component>
      <object_component id="oc-1f9">
         <name>.debug_info</name>
         <load_address>0x6ffc</load_address>
         <run_address>0x6ffc</run_address>
         <size>0xff</size>
         <input_file_ref idref="fl-141"/>
      </object_component>
      <object_component id="oc-206">
         <name>.debug_info</name>
         <load_address>0x70fb</load_address>
         <run_address>0x70fb</run_address>
         <size>0xf3</size>
         <input_file_ref idref="fl-142"/>
      </object_component>
      <object_component id="oc-1dd">
         <name>.debug_info</name>
         <load_address>0x71ee</load_address>
         <run_address>0x71ee</run_address>
         <size>0x1a7</size>
         <input_file_ref idref="fl-143"/>
      </object_component>
      <object_component id="oc-148">
         <name>.debug_info</name>
         <load_address>0x7395</load_address>
         <run_address>0x7395</run_address>
         <size>0x208</size>
         <input_file_ref idref="fl-143"/>
      </object_component>
      <object_component id="oc-1eb">
         <name>.debug_info</name>
         <load_address>0x759d</load_address>
         <run_address>0x759d</run_address>
         <size>0x26b</size>
         <input_file_ref idref="fl-144"/>
      </object_component>
      <object_component id="oc-14f">
         <name>.debug_info</name>
         <load_address>0x7808</load_address>
         <run_address>0x7808</run_address>
         <size>0x322</size>
         <input_file_ref idref="fl-144"/>
      </object_component>
      <object_component id="oc-2bf">
         <name>.debug_info</name>
         <load_address>0x7b2a</load_address>
         <run_address>0x7b2a</run_address>
         <size>0xe6</size>
         <input_file_ref idref="fl-145"/>
      </object_component>
      <object_component id="oc-21d">
         <name>.debug_info</name>
         <load_address>0x7c10</load_address>
         <run_address>0x7c10</run_address>
         <size>0x155</size>
         <input_file_ref idref="fl-145"/>
      </object_component>
      <object_component id="oc-211">
         <name>.debug_info</name>
         <load_address>0x7d65</load_address>
         <run_address>0x7d65</run_address>
         <size>0xf1</size>
         <input_file_ref idref="fl-146"/>
      </object_component>
      <object_component id="oc-2cd">
         <name>.debug_info</name>
         <load_address>0x7e56</load_address>
         <run_address>0x7e56</run_address>
         <size>0x12a</size>
         <input_file_ref idref="fl-147"/>
      </object_component>
      <object_component id="oc-222">
         <name>.debug_info</name>
         <load_address>0x7f80</load_address>
         <run_address>0x7f80</run_address>
         <size>0x14c</size>
         <input_file_ref idref="fl-147"/>
      </object_component>
      <object_component id="oc-29f">
         <name>.debug_info</name>
         <load_address>0x80cc</load_address>
         <run_address>0x80cc</run_address>
         <size>0x469</size>
         <input_file_ref idref="fl-148"/>
      </object_component>
      <object_component id="oc-29c">
         <name>.debug_info</name>
         <load_address>0x8535</load_address>
         <run_address>0x8535</run_address>
         <size>0xdf</size>
         <input_file_ref idref="fl-148"/>
      </object_component>
      <object_component id="oc-1d8">
         <name>.debug_info</name>
         <load_address>0x8614</load_address>
         <run_address>0x8614</run_address>
         <size>0xad4</size>
         <input_file_ref idref="fl-148"/>
      </object_component>
      <object_component id="oc-31b">
         <name>.debug_info</name>
         <load_address>0x90e8</load_address>
         <run_address>0x90e8</run_address>
         <size>0x120</size>
         <input_file_ref idref="fl-148"/>
      </object_component>
      <object_component id="oc-2a1">
         <name>.debug_info</name>
         <load_address>0x9208</load_address>
         <run_address>0x9208</run_address>
         <size>0x2c</size>
         <input_file_ref idref="fl-148"/>
      </object_component>
      <object_component id="oc-2b5">
         <name>.debug_info</name>
         <load_address>0x9234</load_address>
         <run_address>0x9234</run_address>
         <size>0x115</size>
         <input_file_ref idref="fl-149"/>
      </object_component>
      <object_component id="oc-20b">
         <name>.debug_info</name>
         <load_address>0x9349</load_address>
         <run_address>0x9349</run_address>
         <size>0x18b</size>
         <input_file_ref idref="fl-149"/>
      </object_component>
      <object_component id="oc-2d3">
         <name>.debug_info</name>
         <load_address>0x94d4</load_address>
         <run_address>0x94d4</run_address>
         <size>0xba</size>
         <input_file_ref idref="fl-14a"/>
      </object_component>
      <object_component id="oc-233">
         <name>.debug_info</name>
         <load_address>0x958e</load_address>
         <run_address>0x958e</run_address>
         <size>0x174</size>
         <input_file_ref idref="fl-14a"/>
      </object_component>
      <object_component id="oc-2ab">
         <name>.debug_info</name>
         <load_address>0x9702</load_address>
         <run_address>0x9702</run_address>
         <size>0xc9</size>
         <input_file_ref idref="fl-14b"/>
      </object_component>
      <object_component id="oc-1e5">
         <name>.debug_info</name>
         <load_address>0x97cb</load_address>
         <run_address>0x97cb</run_address>
         <size>0x1ab</size>
         <input_file_ref idref="fl-14b"/>
      </object_component>
      <object_component id="oc-2cf">
         <name>.debug_info</name>
         <load_address>0x9976</load_address>
         <run_address>0x9976</run_address>
         <size>0xbe</size>
         <input_file_ref idref="fl-14c"/>
      </object_component>
      <object_component id="oc-227">
         <name>.debug_info</name>
         <load_address>0x9a34</load_address>
         <run_address>0x9a34</run_address>
         <size>0x1ad</size>
         <input_file_ref idref="fl-14c"/>
      </object_component>
      <object_component id="oc-30e">
         <name>.debug_info</name>
         <load_address>0x9be1</load_address>
         <run_address>0x9be1</run_address>
         <size>0xae</size>
         <input_file_ref idref="fl-14d"/>
      </object_component>
      <object_component id="oc-293">
         <name>.debug_info</name>
         <load_address>0x9c8f</load_address>
         <run_address>0x9c8f</run_address>
         <size>0x1c1</size>
         <input_file_ref idref="fl-14d"/>
      </object_component>
      <object_component id="oc-2a9">
         <name>.debug_info</name>
         <load_address>0x9e50</load_address>
         <run_address>0x9e50</run_address>
         <size>0xb3</size>
         <input_file_ref idref="fl-14e"/>
      </object_component>
      <object_component id="oc-1e0">
         <name>.debug_info</name>
         <load_address>0x9f03</load_address>
         <run_address>0x9f03</run_address>
         <size>0x193</size>
         <input_file_ref idref="fl-14e"/>
      </object_component>
      <object_component id="oc-310">
         <name>.debug_info</name>
         <load_address>0xa096</load_address>
         <run_address>0xa096</run_address>
         <size>0xbf</size>
         <input_file_ref idref="fl-14f"/>
      </object_component>
      <object_component id="oc-296">
         <name>.debug_info</name>
         <load_address>0xa155</load_address>
         <run_address>0xa155</run_address>
         <size>0x1c2</size>
         <input_file_ref idref="fl-14f"/>
      </object_component>
      <object_component id="oc-371">
         <name>.debug_info</name>
         <load_address>0xa317</load_address>
         <run_address>0xa317</run_address>
         <size>0x236</size>
         <input_file_ref idref="fl-150"/>
      </object_component>
      <object_component id="oc-312">
         <name>.debug_info</name>
         <load_address>0xa54d</load_address>
         <run_address>0xa54d</run_address>
         <size>0x9f6</size>
         <input_file_ref idref="fl-150"/>
      </object_component>
      <object_component id="oc-374">
         <name>.debug_info</name>
         <load_address>0xaf43</load_address>
         <run_address>0xaf43</run_address>
         <size>0x39</size>
         <input_file_ref idref="fl-150"/>
      </object_component>
      <object_component id="oc-3a3">
         <name>.debug_info</name>
         <load_address>0xaf7c</load_address>
         <run_address>0xaf7c</run_address>
         <size>0xde</size>
         <input_file_ref idref="fl-151"/>
      </object_component>
      <object_component id="oc-3a0">
         <name>.debug_info</name>
         <load_address>0xb05a</load_address>
         <run_address>0xb05a</run_address>
         <size>0xc6</size>
         <input_file_ref idref="fl-151"/>
      </object_component>
      <object_component id="oc-365">
         <name>.debug_info</name>
         <load_address>0xb120</load_address>
         <run_address>0xb120</run_address>
         <size>0x24a</size>
         <input_file_ref idref="fl-151"/>
      </object_component>
      <object_component id="oc-1ee">
         <name>.debug_info</name>
         <load_address>0xb36a</load_address>
         <run_address>0xb36a</run_address>
         <size>0x14a</size>
         <input_file_ref idref="fl-152"/>
      </object_component>
      <object_component id="oc-2d1">
         <name>.debug_info</name>
         <load_address>0xb4b4</load_address>
         <run_address>0xb4b4</run_address>
         <size>0xdb</size>
         <input_file_ref idref="fl-153"/>
      </object_component>
      <object_component id="oc-22f">
         <name>.debug_info</name>
         <load_address>0xb58f</load_address>
         <run_address>0xb58f</run_address>
         <size>0x11c</size>
         <input_file_ref idref="fl-153"/>
      </object_component>
      <object_component id="oc-334">
         <name>.debug_info</name>
         <load_address>0xb6ab</load_address>
         <run_address>0xb6ab</run_address>
         <size>0xf9</size>
         <input_file_ref idref="fl-154"/>
      </object_component>
      <object_component id="oc-2c1">
         <name>.debug_info</name>
         <load_address>0xb7a4</load_address>
         <run_address>0xb7a4</run_address>
         <size>0x17a</size>
         <input_file_ref idref="fl-154"/>
      </object_component>
      <object_component id="oc-37f">
         <name>.debug_info</name>
         <load_address>0xb91e</load_address>
         <run_address>0xb91e</run_address>
         <size>0x86</size>
         <input_file_ref idref="fl-154"/>
      </object_component>
      <object_component id="oc-32d">
         <name>.debug_info</name>
         <load_address>0xb9a4</load_address>
         <run_address>0xb9a4</run_address>
         <size>0xe3</size>
         <input_file_ref idref="fl-155"/>
      </object_component>
      <object_component id="oc-2b9">
         <name>.debug_info</name>
         <load_address>0xba87</load_address>
         <run_address>0xba87</run_address>
         <size>0x15b</size>
         <input_file_ref idref="fl-155"/>
      </object_component>
      <object_component id="oc-2c7">
         <name>.debug_info</name>
         <load_address>0xbbe2</load_address>
         <run_address>0xbbe2</run_address>
         <size>0x13b</size>
         <input_file_ref idref="fl-156"/>
      </object_component>
      <object_component id="oc-331">
         <name>.debug_info</name>
         <load_address>0xbd1d</load_address>
         <run_address>0xbd1d</run_address>
         <size>0x19d</size>
         <input_file_ref idref="fl-157"/>
      </object_component>
      <object_component id="oc-289">
         <name>.debug_info</name>
         <load_address>0xbeba</load_address>
         <run_address>0xbeba</run_address>
         <size>0x11a</size>
         <input_file_ref idref="fl-158"/>
      </object_component>
      <object_component id="oc-1cd">
         <name>.debug_info</name>
         <load_address>0xbfd4</load_address>
         <run_address>0xbfd4</run_address>
         <size>0x1f9</size>
         <input_file_ref idref="fl-158"/>
      </object_component>
      <object_component id="oc-302">
         <name>.debug_info</name>
         <load_address>0xc1cd</load_address>
         <run_address>0xc1cd</run_address>
         <size>0xbb</size>
         <input_file_ref idref="fl-158"/>
      </object_component>
      <object_component id="oc-33c">
         <name>.debug_info</name>
         <load_address>0xc288</load_address>
         <run_address>0xc288</run_address>
         <size>0xbe</size>
         <input_file_ref idref="fl-159"/>
      </object_component>
      <object_component id="oc-3b9">
         <name>.debug_info</name>
         <load_address>0xc346</load_address>
         <run_address>0xc346</run_address>
         <size>0x126</size>
         <input_file_ref idref="fl-15a"/>
      </object_component>
      <object_component id="oc-38d">
         <name>.debug_info</name>
         <load_address>0xc46c</load_address>
         <run_address>0xc46c</run_address>
         <size>0xf6</size>
         <input_file_ref idref="fl-15a"/>
      </object_component>
      <object_component id="oc-336">
         <name>.debug_info</name>
         <load_address>0xc562</load_address>
         <run_address>0xc562</run_address>
         <size>0x157</size>
         <input_file_ref idref="fl-15a"/>
      </object_component>
      <object_component id="oc-3b4">
         <name>.debug_info</name>
         <load_address>0xc6b9</load_address>
         <run_address>0xc6b9</run_address>
         <size>0x6f</size>
         <input_file_ref idref="fl-15a"/>
      </object_component>
      <object_component id="oc-28e">
         <name>.debug_info</name>
         <load_address>0xc728</load_address>
         <run_address>0xc728</run_address>
         <size>0x16b</size>
         <input_file_ref idref="fl-15b"/>
      </object_component>
      <object_component id="oc-1d1">
         <name>.debug_info</name>
         <load_address>0xc893</load_address>
         <run_address>0xc893</run_address>
         <size>0x223</size>
         <input_file_ref idref="fl-15b"/>
      </object_component>
      <object_component id="oc-2f3">
         <name>.debug_info</name>
         <load_address>0xcab6</load_address>
         <run_address>0xcab6</run_address>
         <size>0x148</size>
         <input_file_ref idref="fl-15c"/>
      </object_component>
      <object_component id="oc-27f">
         <name>.debug_info</name>
         <load_address>0xcbfe</load_address>
         <run_address>0xcbfe</run_address>
         <size>0x1aa</size>
[...]
      </symbol>
      <symbol id="sm-356">
         <name>copy_in</name>
         <value>0x20007b69</value>
         <object_component_ref idref="oc-97"/>
      </symbol>
      <symbol id="sm-361">
         <name>_ctypes_</name>
         <value>0x200081dc</value>
         <object_component_ref idref="oc-2d4"/>
      </symbol>
      <symbol id="sm-37a">
         <name>__aeabi_stdout</name>
         <value>0x2001db18</value>
         <object_component_ref idref="oc-28a"/>
      </symbol>
      <symbol id="sm-37b">
         <name>__TI_tmpnams</name>
         <value>0x2001dc70</value>
         <object_component_ref idref="oc-398"/>
      </symbol>
      <symbol id="sm-37c">
         <name>__aeabi_stderr</name>
         <value>0x2001db1c</value>
         <object_component_ref idref="oc-28a"/>
      </symbol>
      <symbol id="sm-37d">
         <name>__aeabi_stdin</name>
         <value>0x2001db14</value>
         <object_component_ref idref="oc-28a"/>
      </symbol>
      <symbol id="sm-37e">
         <name>_ftable</name>
         <value>0x2001d800</value>
         <object_component_ref idref="oc-159"/>
      </symbol>
      <symbol id="sm-37f">
         <name>__TI_ft_end</name>
         <value>0x2001db10</value>
         <object_component_ref idref="oc-28a"/>
      </symbol>
      <symbol id="sm-3a3">
         <name>__aeabi_dsub</name>
         <value>0x200065b9</value>
         <object_component_ref idref="oc-215"/>
      </symbol>
      <symbol id="sm-3a4">
         <name>__aeabi_dadd</name>
         <value>0x200065c3</value>
         <object_component_ref idref="oc-215"/>
      </symbol>
      <symbol id="sm-3cb">
         <name>__aeabi_cdcmpeq</name>
         <value>0x20007595</value>
         <object_component_ref idref="oc-1f1"/>
      </symbol>
      <symbol id="sm-3cc">
         <name>__aeabi_cdcmple</name>
         <value>0x20007595</value>
         <object_component_ref idref="oc-1f1"/>
      </symbol>
      <symbol id="sm-3cd">
         <name>__aeabi_cdrcmple</name>
         <value>0x2000761b</value>
         <object_component_ref idref="oc-200"/>
      </symbol>
      <symbol id="sm-3ed">
         <name>__aeabi_ddiv</name>
         <value>0x20006925</value>
         <object_component_ref idref="oc-1fb"/>
      </symbol>
      <symbol id="sm-404">
         <name>__aeabi_dmul</name>
         <value>0x20006dd5</value>
         <object_component_ref idref="oc-1f6"/>
      </symbol>
      <symbol id="sm-412">
         <name>__aeabi_d2iz</name>
         <value>0x20007bfd</value>
         <object_component_ref idref="oc-205"/>
      </symbol>
      <symbol id="sm-429">
         <name>putc</name>
         <value>0x20007475</value>
         <object_component_ref idref="oc-147"/>
      </symbol>
      <symbol id="sm-42a">
         <name>fputc</name>
         <value>0x20007475</value>
         <object_component_ref idref="oc-147"/>
      </symbol>
      <symbol id="sm-42b">
         <name>putchar</name>
         <value>0x200074f9</value>
         <object_component_ref idref="oc-147"/>
      </symbol>
      <symbol id="sm-44d">
         <name>puts</name>
         <value>0x20006c9d</value>
         <object_component_ref idref="oc-14d"/>
      </symbol>
      <symbol id="sm-44e">
         <name>fputs</name>
         <value>0x20006b91</value>
         <object_component_ref idref="oc-14d"/>
      </symbol>
      <symbol id="sm-45b">
         <name>frexp</name>
         <value>0x20007fa1</value>
         <object_component_ref idref="oc-21a"/>
      </symbol>
      <symbol id="sm-467">
         <name>__aeabi_i2d</name>
         <value>0x20007ec5</value>
         <object_component_ref idref="oc-210"/>
      </symbol>
      <symbol id="sm-478">
         <name>ldexp</name>
         <value>0x20007c45</value>
         <object_component_ref idref="oc-220"/>
      </symbol>
      <symbol id="sm-4ca">
         <name>open</name>
         <value>0x20005d5f</value>
         <object_component_ref idref="oc-1d6"/>
      </symbol>
      <symbol id="sm-4cb">
         <name>add_device</name>
         <value>0x20005e81</value>
         <object_component_ref idref="oc-1d6"/>
      </symbol>
      <symbol id="sm-4cc">
         <name>remove_device</name>
         <value>0x20005d13</value>
         <object_component_ref idref="oc-1d6"/>
      </symbol>
      <symbol id="sm-4cd">
         <name>lseek</name>
         <value>0x20005e0d</value>
         <object_component_ref idref="oc-1d6"/>
      </symbol>
      <symbol id="sm-4ce">
         <name>read</name>
         <value>0x20005d3b</value>
         <object_component_ref idref="oc-1d6"/>
      </symbol>
      <symbol id="sm-4cf">
         <name>rename</name>
         <value>0x20005cd5</value>
         <object_component_ref idref="oc-1d6"/>
      </symbol>
      <symbol id="sm-4d0">
         <name>write</name>
         <value>0x20005c21</value>
         <object_component_ref idref="oc-1d6"/>
      </symbol>
      <symbol id="sm-4d1">
         <name>close</name>
         <value>0x20005e31</value>
         <object_component_ref idref="oc-1d6"/>
      </symbol>
      <symbol id="sm-4d2">
         <name>unlink</name>
         <value>0x20005cb1</value>
         <object_component_ref idref="oc-1d6"/>
      </symbol>
      <symbol id="sm-4e1">
         <name>ltoa</name>
         <value>0x20007a71</value>
         <object_component_ref idref="oc-20a"/>
      </symbol>
      <symbol id="sm-4f1">
         <name>memccpy</name>
         <value>0x20008043</value>
         <object_component_ref idref="oc-232"/>
      </symbol>
      <symbol id="sm-501">
         <name>memchr</name>
         <value>0x20008005</value>
         <object_component_ref idref="oc-1e4"/>
      </symbol>
      <symbol id="sm-511">
         <name>strchr</name>
         <value>0x20008109</value>
         <object_component_ref idref="oc-226"/>
      </symbol>
      <symbol id="sm-520">
         <name>strcmp</name>
         <value>0x200080c5</value>
         <object_component_ref idref="oc-28f"/>
      </symbol>
      <symbol id="sm-52e">
         <name>strlen</name>
         <value>0x20008185</value>
         <object_component_ref idref="oc-1de"/>
      </symbol>
      <symbol id="sm-53e">
         <name>strncpy</name>
         <value>0x20007e65</value>
         <object_component_ref idref="oc-295"/>
      </symbol>
      <symbol id="sm-55f">
         <name>HOSTgetenv</name>
         <value>0x20006143</value>
         <object_component_ref idref="oc-311"/>
      </symbol>
      <symbol id="sm-560">
         <name>HOSTrename</name>
         <value>0x20005feb</value>
         <object_component_ref idref="oc-311"/>
      </symbol>
      <symbol id="sm-561">
         <name>HOSTclose</name>
         <value>0x20006181</value>
         <object_component_ref idref="oc-311"/>
      </symbol>
      <symbol id="sm-562">
         <name>HOSTunlink</name>
         <value>0x20005f79</value>
         <object_component_ref idref="oc-311"/>
      </symbol>
      <symbol id="sm-563">
         <name>HOSTlseek</name>
         <value>0x200060e7</value>
         <object_component_ref idref="oc-311"/>
      </symbol>
      <symbol id="sm-564">
         <name>HOSTopen</name>
         <value>0x20006095</value>
         <object_component_ref idref="oc-311"/>
      </symbol>
      <symbol id="sm-565">
         <name>HOSTclock</name>
         <value>0x200061b9</value>
         <object_component_ref idref="oc-311"/>
      </symbol>
      <symbol id="sm-566">
         <name>HOSTwrite</name>
         <value>0x20005f2d</value>
         <object_component_ref idref="oc-311"/>
      </symbol>
      <symbol id="sm-567">
         <name>HOSTread</name>
         <value>0x20006049</value>
         <object_component_ref idref="oc-311"/>
      </symbol>
      <symbol id="sm-568">
         <name>HOSTtime</name>
         <value>0x20005fb1</value>
         <object_component_ref idref="oc-311"/>
      </symbol>
      <symbol id="sm-583">
         <name>__TI_readmsg</name>
         <value>0x20007917</value>
         <object_component_ref idref="oc-364"/>
      </symbol>
      <symbol id="sm-584">
         <name>C$$IO$$</name>
         <value>0x20007913</value>
         <object_component_ref idref="oc-364"/>
      </symbol>
      <symbol id="sm-585">
         <name>__CIOBUF_</name>
         <value>0x2001db50</value>
         <object_component_ref idref="oc-39f"/>
      </symbol>
      <symbol id="sm-586">
         <name>__TI_writemsg</name>
         <value>0x200078e5</value>
         <object_component_ref idref="oc-364"/>
      </symbol>
      <symbol id="sm-5b0">
         <name>__aeabi_uldivmod</name>
         <value>0x20006201</value>
         <object_component_ref idref="oc-1ec"/>
      </symbol>
      <symbol id="sm-5be">
         <name>_Dclass</name>
         <value>0x20007f4d</value>
         <object_component_ref idref="oc-22c"/>
      </symbol>
      <symbol id="sm-5df">
         <name>_Dscale</name>
         <value>0x20006cc5</value>
         <object_component_ref idref="oc-2c0"/>
      </symbol>
      <symbol id="sm-5f3">
         <name>_Dunscale</name>
         <value>0x2000794d</value>
         <object_component_ref idref="oc-2b8"/>
      </symbol>
      <symbol id="sm-602">
         <name>_Feraise</name>
         <value>0x20007e95</value>
         <object_component_ref idref="oc-2c6"/>
      </symbol>
      <symbol id="sm-612">
         <name>_Rteps</name>
         <value>0x2001dad0</value>
         <object_component_ref idref="oc-330"/>
      </symbol>
      <symbol id="sm-613">
         <name>_Zero</name>
         <value>0x2001dae8</value>
         <object_component_ref idref="oc-330"/>
      </symbol>
      <symbol id="sm-614">
         <name>_Hugeval</name>
         <value>0x2001da90</value>
         <object_component_ref idref="oc-330"/>
      </symbol>
      <symbol id="sm-615">
         <name>_Snan</name>
         <value>0x2001dac0</value>
         <object_component_ref idref="oc-330"/>
      </symbol>
      <symbol id="sm-616">
         <name>_Nan</name>
         <value>0x2001dab0</value>
         <object_component_ref idref="oc-330"/>
      </symbol>
      <symbol id="sm-617">
         <name>_Inf</name>
         <value>0x2001daa0</value>
         <object_component_ref idref="oc-330"/>
      </symbol>
      <symbol id="sm-618">
         <name>_Xbig</name>
         <value>0x2001dae0</value>
         <object_component_ref idref="oc-330"/>
      </symbol>
      <symbol id="sm-619">
         <name>_Eps</name>
         <value>0x2001da80</value>
         <object_component_ref idref="oc-330"/>
      </symbol>
      <symbol id="sm-61a">
         <name>_Denorm</name>
         <value>0x2001da70</value>
         <object_component_ref idref="oc-330"/>
      </symbol>
      <symbol id="sm-638">
         <name>__TI_wrt_ok</name>
         <value>0x200071ed</value>
         <object_component_ref idref="oc-1ca"/>
      </symbol>
      <symbol id="sm-639">
         <name>__TI_rd_ok</name>
         <value>0x2000724f</value>
         <object_component_ref idref="oc-1ca"/>
      </symbol>
      <symbol id="sm-641">
         <name>_Errno</name>
         <value>0x2001db44</value>
         <object_component_ref idref="oc-33b"/>
      </symbol>
      <symbol id="sm-65f">
         <name>feraiseexcept</name>
         <value>0x20007e01</value>
         <object_component_ref idref="oc-335"/>
      </symbol>
      <symbol id="sm-660">
         <name>_Tls_setup__Fenv</name>
         <value>0x2001db40</value>
         <object_component_ref idref="oc-38c"/>
      </symbol>
      <symbol id="sm-661">
         <name>_Fenv</name>
         <value>0x2001db3c</value>
         <object_component_ref idref="oc-38c"/>
      </symbol>
      <symbol id="sm-67b">
         <name>__TI_doflush</name>
         <value>0x20006fad</value>
         <object_component_ref idref="oc-1d0"/>
      </symbol>
      <symbol id="sm-67c">
         <name>fflush</name>
         <value>0x20006ff9</value>
         <object_component_ref idref="oc-1d0"/>
      </symbol>
      <symbol id="sm-68e">
         <name>fseek</name>
         <value>0x200079b5</value>
         <object_component_ref idref="oc-27c"/>
      </symbol>
      <symbol id="sm-6a2">
         <name>raise</name>
         <value>0x20007ef3</value>
         <object_component_ref idref="oc-386"/>
      </symbol>
      <symbol id="sm-6be">
         <name>setvbuf</name>
         <value>0x20006ed1</value>
         <object_component_ref idref="oc-282"/>
      </symbol>
      <symbol id="sm-6d8">
         <name>signal</name>
         <value>0x20007d11</value>
         <object_component_ref idref="oc-3aa"/>
      </symbol>
      <symbol id="sm-6e6">
         <name>strcpy</name>
         <value>0x20008171</value>
         <object_component_ref idref="oc-36a"/>
      </symbol>
      <symbol id="sm-6fb">
         <name>_Dnorm</name>
         <value>0x20007075</value>
         <object_component_ref idref="oc-326"/>
      </symbol>
      <symbol id="sm-732">
         <name>__TI_cleanup</name>
         <value>0x200064bd</value>
         <object_component_ref idref="oc-2fa"/>
      </symbol>
      <symbol id="sm-733">
         <name>freopen</name>
         <value>0x200064e9</value>
         <object_component_ref idref="oc-2fa"/>
      </symbol>
      <symbol id="sm-734">
         <name>fopen</name>
         <value>0x20006513</value>
         <object_component_ref idref="oc-2fa"/>
      </symbol>
      <symbol id="sm-7a6">
         <name>_sys_memory</name>
         <value>0x2001d000</value>
         <object_component_ref idref="oc-2a"/>
      </symbol>
      <symbol id="sm-7a7">
         <name>free</name>
         <value>0x2000559f</value>
         <object_component_ref idref="oc-2f4"/>
      </symbol>
      <symbol id="sm-7a8">
         <name>realloc</name>
         <value>0x20005661</value>
         <object_component_ref idref="oc-2f4"/>
      </symbol>
      <symbol id="sm-7a9">
         <name>memalign</name>
         <value>0x2000576d</value>
         <object_component_ref idref="oc-2f4"/>
      </symbol>
      <symbol id="sm-7aa">
         <name>calloc</name>
         <value>0x20005851</value>
         <object_component_ref idref="oc-2f4"/>
      </symbol>
      <symbol id="sm-7ab">
         <name>malloc</name>
         <value>0x20005537</value>
         <object_component_ref idref="oc-2f4"/>
      </symbol>
      <symbol id="sm-7ac">
         <name>minit</name>
         <value>0x200054a9</value>
         <object_component_ref idref="oc-2f4"/>
      </symbol>
      <symbol id="sm-7c2">
         <name>__TI_closefile</name>
         <value>0x200073dd</value>
         <object_component_ref idref="oc-355"/>
      </symbol>
      <symbol id="sm-7c3">
         <name>fclose</name>
         <value>0x20007443</value>
         <object_component_ref idref="oc-355"/>
      </symbol>
      <symbol id="sm-81a">
         <name>GPIOIntRegister</name>
         <value>0x20008025</value>
         <object_component_ref idref="oc-126"/>
      </symbol>
      <symbol id="sm-81b">
         <name>GPIOIntEnable</name>
         <value>0x2000805f</value>
         <object_component_ref idref="oc-132"/>
      </symbol>
      <symbol id="sm-81c">
         <name>GPIOIntTypeSet</name>
         <value>0x200076a1</value>
         <object_component_ref idref="oc-11a"/>
      </symbol>
      <symbol id="sm-81d">
         <name>GPIOIntClear</name>
         <value>0x20008133</value>
         <object_component_ref idref="oc-12c"/>
      </symbol>
      <symbol id="sm-81e">
         <name>GPIOPinRead</name>
         <value>0x20008093</value>
         <object_component_ref idref="oc-d9"/>
      </symbol>
      <symbol id="sm-81f">
         <name>GPIODirModeSet</name>
         <value>0x20007dc9</value>
         <object_component_ref idref="oc-1a0"/>
      </symbol>
      <symbol id="sm-820">
         <name>GPIOPinWrite</name>
         <value>0x20007fc3</value>
         <object_component_ref idref="oc-138"/>
      </symbol>
      <symbol id="sm-872">
         <name>IntPrioritySet</name>
         <value>0x20007ac9</value>
         <object_component_ref idref="oc-120"/>
      </symbol>
      <symbol id="sm-873">
         <name>IntVTableBaseSet</name>
         <value>0x20008149</value>
         <object_component_ref idref="oc-df"/>
      </symbol>
      <symbol id="sm-874">
         <name>IntEnable</name>
         <value>0x20007299</value>
         <object_component_ref idref="oc-eb"/>
      </symbol>
      <symbol id="sm-875">
         <name>IntRegister</name>
         <value>0x20007fe5</value>
         <object_component_ref idref="oc-1bb"/>
      </symbol>
      <symbol id="sm-876">
         <name>IntMasterEnable</name>
         <value>0x200081c1</value>
         <object_component_ref idref="oc-e5"/>
      </symbol>
      <symbol id="sm-8ad">
         <name>PinTypeUART</name>
         <value>0x20008079</value>
         <object_component_ref idref="oc-1a6"/>
      </symbol>
      <symbol id="sm-8ae">
         <name>PinTypeGPIO</name>
         <value>0x20007e35</value>
         <object_component_ref idref="oc-19a"/>
      </symbol>
      <symbol id="sm-8af">
         <name>PinConfigSet</name>
         <value>0x2000750d</value>
         <object_component_ref idref="oc-267"/>
      </symbol>
      <symbol id="sm-8b0">
         <name>PinModeSet</name>
         <value>0x20007cd1</value>
         <object_component_ref idref="oc-26d"/>
      </symbol>
      <symbol id="sm-91c">
         <name>PRCMPeripheralReset</name>
         <value>0x20007a19</value>
         <object_component_ref idref="oc-187"/>
      </symbol>
      <symbol id="sm-91d">
         <name>PRCMPeripheralClkEnable</name>
         <value>0x20007d51</value>
         <object_component_ref idref="oc-181"/>
      </symbol>
      <symbol id="sm-91e">
         <name>PRCMCC3200MCUInit</name>
         <value>0x20006a5d</value>
         <object_component_ref idref="oc-f1"/>
      </symbol>
      <symbol id="sm-91f">
         <name>PRCMHIBRegWrite</name>
         <value>0x200080f3</value>
         <object_component_ref idref="oc-17b"/>
      </symbol>
      <symbol id="sm-920">
         <name>PRCMSysResetCauseGet</name>
         <value>0x20007f21</value>
         <object_component_ref idref="oc-193"/>
      </symbol>
      <symbol id="sm-921">
         <name>PRCMPeripheralClkDisable</name>
         <value>0x20007f79</value>
         <object_component_ref idref="oc-18d"/>
      </symbol>
      <symbol id="sm-922">
         <name>PRCMHIBRegRead</name>
         <value>0x200080dd</value>
         <object_component_ref idref="oc-175"/>
      </symbol>
      <symbol id="sm-926">
         <name>UtilsDelay</name>
         <value>0x200081cb</value>
         <object_component_ref idref="oc-d2"/>
      </symbol>
      <symbol id="sm-930">
         <name>CPUcpsie</name>
         <value>0x2000811f</value>
         <object_component_ref idref="oc-165"/>
      </symbol>
      <symbol id="sm-936">
         <name>__TI_static_base__</name>
         <value>0x200085e0</value>
      </symbol>
      <symbol id="sm-939">
         <name>SHT$$INIT_ARRAY$$Limit</name>
         <value>0x0</value>
      </symbol>
      <symbol id="sm-93a">
         <name>SHT$$INIT_ARRAY$$Base</name>
         <value>0x0</value>
      </symbol>
      <symbol id="sm-93b">
         <name>remove</name>
         <value>0x20005cb1</value>
      </symbol>
   </symbol_table>
   <title>Link successful</title>
</link_info>
